Archive member included to satisfy reference by file (symbol)

d:/st/stm32cubeide_1.9.0/stm32cubeide/plugins/com.st.stm32cube.ide.mcu.externaltools.gnu-tools-for-stm32.10.3-2021.10.win32_1.0.100.202210260954/tools/bin/../lib/gcc/arm-none-eabi/10.3.1/../../../../arm-none-eabi/lib/thumb/v7e-m+fp/hard\libc_nano.a(lib_a-errno.o)
                              ./Src/syscalls.o (__errno)
d:/st/stm32cubeide_1.9.0/stm32cubeide/plugins/com.st.stm32cube.ide.mcu.externaltools.gnu-tools-for-stm32.10.3-2021.10.win32_1.0.100.202210260954/tools/bin/../lib/gcc/arm-none-eabi/10.3.1/../../../../arm-none-eabi/lib/thumb/v7e-m+fp/hard\libc_nano.a(lib_a-exit.o)
                              d:/st/stm32cubeide_1.9.0/stm32cubeide/plugins/com.st.stm32cube.ide.mcu.externaltools.gnu-tools-for-stm32.10.3-2021.10.win32_1.0.100.202210260954/tools/bin/../lib/gcc/arm-none-eabi/10.3.1/../../../../arm-none-eabi/lib/thumb/v7e-m+fp/hard/crt0.o (exit)
d:/st/stm32cubeide_1.9.0/stm32cubeide/plugins/com.st.stm32cube.ide.mcu.externaltools.gnu-tools-for-stm32.10.3-2021.10.win32_1.0.100.202210260954/tools/bin/../lib/gcc/arm-none-eabi/10.3.1/../../../../arm-none-eabi/lib/thumb/v7e-m+fp/hard\libc_nano.a(lib_a-impure.o)
                              d:/st/stm32cubeide_1.9.0/stm32cubeide/plugins/com.st.stm32cube.ide.mcu.externaltools.gnu-tools-for-stm32.10.3-2021.10.win32_1.0.100.202210260954/tools/bin/../lib/gcc/arm-none-eabi/10.3.1/../../../../arm-none-eabi/lib/thumb/v7e-m+fp/hard\libc_nano.a(lib_a-exit.o) (_global_impure_ptr)
d:/st/stm32cubeide_1.9.0/stm32cubeide/plugins/com.st.stm32cube.ide.mcu.externaltools.gnu-tools-for-stm32.10.3-2021.10.win32_1.0.100.202210260954/tools/bin/../lib/gcc/arm-none-eabi/10.3.1/../../../../arm-none-eabi/lib/thumb/v7e-m+fp/hard\libc_nano.a(lib_a-init.o)
                              d:/st/stm32cubeide_1.9.0/stm32cubeide/plugins/com.st.stm32cube.ide.mcu.externaltools.gnu-tools-for-stm32.10.3-2021.10.win32_1.0.100.202210260954/tools/bin/../lib/gcc/arm-none-eabi/10.3.1/../../../../arm-none-eabi/lib/thumb/v7e-m+fp/hard/crt0.o (__libc_init_array)
d:/st/stm32cubeide_1.9.0/stm32cubeide/plugins/com.st.stm32cube.ide.mcu.externaltools.gnu-tools-for-stm32.10.3-2021.10.win32_1.0.100.202210260954/tools/bin/../lib/gcc/arm-none-eabi/10.3.1/../../../../arm-none-eabi/lib/thumb/v7e-m+fp/hard\libc_nano.a(lib_a-memcpy-stub.o)
                              ./FreeRTOS/Source/CMSIS_RTOS_V2/cmsis_os2.o (memcpy)
d:/st/stm32cubeide_1.9.0/stm32cubeide/plugins/com.st.stm32cube.ide.mcu.externaltools.gnu-tools-for-stm32.10.3-2021.10.win32_1.0.100.202210260954/tools/bin/../lib/gcc/arm-none-eabi/10.3.1/../../../../arm-none-eabi/lib/thumb/v7e-m+fp/hard\libc_nano.a(lib_a-memset.o)
                              d:/st/stm32cubeide_1.9.0/stm32cubeide/plugins/com.st.stm32cube.ide.mcu.externaltools.gnu-tools-for-stm32.10.3-2021.10.win32_1.0.100.202210260954/tools/bin/../lib/gcc/arm-none-eabi/10.3.1/../../../../arm-none-eabi/lib/thumb/v7e-m+fp/hard/crt0.o (memset)
d:/st/stm32cubeide_1.9.0/stm32cubeide/plugins/com.st.stm32cube.ide.mcu.externaltools.gnu-tools-for-stm32.10.3-2021.10.win32_1.0.100.202210260954/tools/bin/../lib/gcc/arm-none-eabi/10.3.1/../../../../arm-none-eabi/lib/thumb/v7e-m+fp/hard\libc_nano.a(lib_a-sprintf.o)
                              ./Console/Console.o (sprintf)
d:/st/stm32cubeide_1.9.0/stm32cubeide/plugins/com.st.stm32cube.ide.mcu.externaltools.gnu-tools-for-stm32.10.3-2021.10.win32_1.0.100.202210260954/tools/bin/../lib/gcc/arm-none-eabi/10.3.1/../../../../arm-none-eabi/lib/thumb/v7e-m+fp/hard\libc_nano.a(lib_a-strlen.o)
                              ./Console/Console.o (strlen)
d:/st/stm32cubeide_1.9.0/stm32cubeide/plugins/com.st.stm32cube.ide.mcu.externaltools.gnu-tools-for-stm32.10.3-2021.10.win32_1.0.100.202210260954/tools/bin/../lib/gcc/arm-none-eabi/10.3.1/../../../../arm-none-eabi/lib/thumb/v7e-m+fp/hard\libc_nano.a(lib_a-vsprintf.o)
                              ./Console/Console.o (vsprintf)
d:/st/stm32cubeide_1.9.0/stm32cubeide/plugins/com.st.stm32cube.ide.mcu.externaltools.gnu-tools-for-stm32.10.3-2021.10.win32_1.0.100.202210260954/tools/bin/../lib/gcc/arm-none-eabi/10.3.1/../../../../arm-none-eabi/lib/thumb/v7e-m+fp/hard\libc_nano.a(lib_a-nano-svfprintf.o)
                              d:/st/stm32cubeide_1.9.0/stm32cubeide/plugins/com.st.stm32cube.ide.mcu.externaltools.gnu-tools-for-stm32.10.3-2021.10.win32_1.0.100.202210260954/tools/bin/../lib/gcc/arm-none-eabi/10.3.1/../../../../arm-none-eabi/lib/thumb/v7e-m+fp/hard\libc_nano.a(lib_a-sprintf.o) (_svfprintf_r)
d:/st/stm32cubeide_1.9.0/stm32cubeide/plugins/com.st.stm32cube.ide.mcu.externaltools.gnu-tools-for-stm32.10.3-2021.10.win32_1.0.100.202210260954/tools/bin/../lib/gcc/arm-none-eabi/10.3.1/../../../../arm-none-eabi/lib/thumb/v7e-m+fp/hard\libc_nano.a(lib_a-nano-vfprintf_i.o)
[...]
Memory Configuration

Name             Origin             Length             Attributes
CCMRAM           0x0000000010000000 0x0000000000010000 xrw
RAM              0x0000000020000000 0x0000000000020000 xrw
FLASH            0x0000000008000000 0x0000000000080000 xr
*default*        0x0000000000000000 0xffffffffffffffff

Linker script and memory map

LOAD d:/st/stm32cubeide_1.9.0/stm32cubeide/plugins/com.st.stm32cube.ide.mcu.externaltools.gnu-tools-for-stm32.10.3-2021.10.win32_1.0.100.202210260954/tools/bin/../lib/gcc/arm-none-eabi/10.3.1/thumb/v7e-m+fp/hard/crti.o
LOAD d:/st/stm32cubeide_1.9.0/stm32cubeide/plugins/com.st.stm32cube.ide.mcu.externaltools.gnu-tools-for-stm32.10.3-2021.10.win32_1.0.100.202210260954/tools/bin/../lib/gcc/arm-none-eabi/10.3.1/thumb/v7e-m+fp/hard/crtbegin.o
LOAD d:/st/stm32cubeide_1.9.0/stm32cubeide/plugins/com.st.stm32cube.ide.mcu.externaltools.gnu-tools-for-stm32.10.3-2021.10.win32_1.0.100.202210260954/tools/bin/../lib/gcc/arm-none-eabi/10.3.1/../../../../arm-none-eabi/lib/thumb/v7e-m+fp/hard/crt0.o
LOAD ./Console/Console.o
LOAD ./FreeRTOS/Source/CMSIS_RTOS_V2/cmsis_os2.o
LOAD ./FreeRTOS/Source/croutine.o
LOAD ./FreeRTOS/Source/event_groups.o
LOAD ./FreeRTOS/Source/freertos.o
LOAD ./FreeRTOS/Source/list.o
LOAD ./FreeRTOS/Source/queue.o
LOAD ./FreeRTOS/Source/stream_buffer.o
LOAD ./FreeRTOS/Source/tasks.o
LOAD ./FreeRTOS/Source/timers.o
LOAD ./FreeRTOS/Source/portable/GCC/ARM_CM4F/port.o
LOAD ./FreeRTOS/Source/portable/MemMang/heap_4.o
LOAD ./GPIO/GPIO.o
LOAD ./Src/main.o
LOAD ./Src/syscalls.o
LOAD ./Src/sysmem.o
LOAD ./Src/system_stm32f4xx.o
LOAD ./Startup/startup_stm32f407vetx.o
START GROUP
LOAD d:/st/stm32cubeide_1.9.0/stm32cubeide/plugins/com.st.stm32cube.ide.mcu.externaltools.gnu-tools-for-stm32.10.3-2021.10.win32_1.0.100.202210260954/tools/bin/../lib/gcc/arm-none-eabi/10.3.1/../../../../arm-none-eabi/lib/thumb/v7e-m+fp/hard\libc_nano.a
LOAD d:/st/stm32cubeide_1.9.0/stm32cubeide/plugins/com.st.stm32cube.ide.mcu.externaltools.gnu-tools-for-stm32.10.3-2021.10.win32_1.0.100.202210260954/tools/bin/../lib/gcc/arm-none-eabi/10.3.1/../../../../arm-none-eabi/lib/thumb/v7e-m+fp/hard\libm.a
END GROUP
START GROUP
LOAD d:/st/stm32cubeide_1.9.0/stm32cubeide/plugins/com.st.stm32cube.ide.mcu.externaltools.gnu-tools-for-stm32.10.3-2021.10.win32_1.0.100.202210260954/tools/bin/../lib/gcc/arm-none-eabi/10.3.1/thumb/v7e-m+fp/hard\libgcc.a
LOAD d:/st/stm32cubeide_1.9.0/stm32cubeide/plugins/com.st.stm32cube.ide.mcu.externaltools.gnu-tools-for-stm32.10.3-2021.10.win32_1.0.100.202210260954/tools/bin/../lib/gcc/arm-none-eabi/10.3.1/../../../../arm-none-eabi/lib/thumb/v7e-m+fp/hard\libc_nano.a
END GROUP
START GROUP
LOAD d:/st/stm32cubeide_1.9.0/stm32cubeide/plugins/com.st.stm32cube.ide.mcu.externaltools.gnu-tools-for-stm32.10.3-2021.10.win32_1.0.100.202210260954/tools/bin/../lib/gcc/arm-none-eabi/10.3.1/thumb/v7e-m+fp/hard\libgcc.a
LOAD d:/st/stm32cubeide_1.9.0/stm32cubeide/plugins/com.st.stm32cube.ide.mcu.externaltools.gnu-tools-for-stm32.10.3-2021.10.win32_1.0.100.202210260954/tools/bin/../lib/gcc/arm-none-eabi/10.3.1/../../../../arm-none-eabi/lib/thumb/v7e-m+fp/hard\libc_nano.a
LOAD d:/st/stm32cubeide_1.9.0/stm32cubeide/plugins/com.st.stm32cube.ide.mcu.externaltools.gnu-tools-for-stm32.10.3-2021.10.win32_1.0.100.202210260954/tools/bin/../lib/gcc/arm-none-eabi/10.3.1/../../../../arm-none-eabi/lib/thumb/v7e-m+fp/hard\libnosys.a
END GROUP
START GROUP
LOAD d:/st/stm32cubeide_1.9.0/stm32cubeide/plugins/com.st.stm32cube.ide.mcu.externaltools.gnu-tools-for-stm32.10.3-2021.10.win32_1.0.100.202210260954/tools/bin/../lib/gcc/arm-none-eabi/10.3.1/thumb/v7e-m+fp/hard\libgcc.a
LOAD d:/st/stm32cubeide_1.9.0/stm32cubeide/plugins/com.st.stm32cube.ide.mcu.externaltools.gnu-tools-for-stm32.10.3-2021.10.win32_1.0.100.202210260954/tools/bin/../lib/gcc/arm-none-eabi/10.3.1/../../../../arm-none-eabi/lib/thumb/v7e-m+fp/hard\libc_nano.a
LOAD d:/st/stm32cubeide_1.9.0/stm32cubeide/plugins/com.st.stm32cube.ide.mcu.externaltools.gnu-tools-for-stm32.10.3-2021.10.win32_1.0.100.202210260954/tools/bin/../lib/gcc/arm-none-eabi/10.3.1/../../../../arm-none-eabi/lib/thumb/v7e-m+fp/hard\libnosys.a
END GROUP
LOAD d:/st/stm32cubeide_1.9.0/stm32cubeide/plugins/com.st.stm32cube.ide.mcu.externaltools.gnu-tools-for-stm32.10.3-2021.10.win32_1.0.100.202210260954/tools/bin/../lib/gcc/arm-none-eabi/10.3.1/thumb/v7e-m+fp/hard/crtend.o
LOAD d:/st/stm32cubeide_1.9.0/stm32cubeide/plugins/com.st.stm32cube.ide.mcu.externaltools.gnu-tools-for-stm32.10.3-2021.10.win32_1.0.100.202210260954/tools/bin/../lib/gcc/arm-none-eabi/10.3.1/thumb/v7e-m+fp/hard/crtn.o
                0x0000000020020000                _estack = (ORIGIN (RAM) + LENGTH (RAM))
                0x0000000000000200                _Min_Heap_Size = 0x200
                0x0000000000000400                _Min_Stack_Size = 0x400

.isr_vector     0x0000000008000000      0x1a8
                0x0000000008000000                . = ALIGN (0x4)
 *(.isr_vector)
 .isr_vector    0x0000000008000000      0x1a8 ./Startup/startup_stm32f407vetx.o
                0x0000000008000000                g_pfnVectors
                0x00000000080001a8                . = ALIGN (0x4)

.text           0x00000000080001b0     0x3e2c
                0x00000000080001b0                . = ALIGN (0x4)
 *(.text)
 .text          0x00000000080001b0       0x40 d:/st/stm32cubeide_1.9.0/stm32cubeide/plugins/com.st.stm32cube.ide.mcu.externaltools.gnu-tools-for-stm32.10.3-2021.10.win32_1.0.100.202210260954/tools/bin/../lib/gcc/arm-none-eabi/10.3.1/thumb/v7e-m+fp/hard/crtbegin.o
 .text          0x00000000080001f0       0x10 d:/st/stm32cubeide_1.9.0/stm32cubeide/plugins/com.st.stm32cube.ide.mcu.externaltools.gnu-tools-for-stm32.10.3-2021.10.win32_1.0.100.202210260954/tools/bin/../lib/gcc/arm-none-eabi/10.3.1/../../../../arm-none-eabi/lib/thumb/v7e-m+fp/hard\libc_nano.a(lib_a-strlen.o)
                0x00000000080001f0                strlen
 .text          0x0000000008000200       0xa0 d:/st/stm32cubeide_1.9.0/stm32cubeide/plugins/com.st.stm32cube.ide.mcu.externaltools.gnu-tools-for-stm32.10.3-2021.10.win32_1.0.100.202210260954/tools/bin/../lib/gcc/arm-none-eabi/10.3.1/../../../../arm-none-eabi/lib/thumb/v7e-m+fp/hard\libc_nano.a(lib_a-memchr.o)
                0x0000000008000200                memchr
 *(.text*)
 .text.Console_Init
                0x00000000080002a0      0x2bc ./Console/Console.o
                0x00000000080002a0                Console_Init
 .text.printConsole
                0x000000000800055c       0xa0 ./Console/Console.o
                0x000000000800055c                printConsole
 .text.__NVIC_SetPriority
                0x00000000080005fc       0x54 ./FreeRTOS/Source/CMSIS_RTOS_V2/cmsis_os2.o
 .text.SVC_Setup
                0x0000000008000650       0x12 ./FreeRTOS/Source/CMSIS_RTOS_V2/cmsis_os2.o
 *fill*         0x0000000008000662        0x2 
 .text.osKernelInitialize
                0x0000000008000664       0x48 ./FreeRTOS/Source/CMSIS_RTOS_V2/cmsis_os2.o
                0x0000000008000664                osKernelInitialize
 .text.osKernelStart
                0x00000000080006ac       0x4c ./FreeRTOS/Source/CMSIS_RTOS_V2/cmsis_os2.o
                0x00000000080006ac                osKernelStart
 .text.osThreadNew
                0x00000000080006f8      0x124 ./FreeRTOS/Source/CMSIS_RTOS_V2/cmsis_os2.o
                0x00000000080006f8                osThreadNew
 .text.osDelay  0x000000000800081c       0x36 ./FreeRTOS/Source/CMSIS_RTOS_V2/cmsis_os2.o
                0x000000000800081c                osDelay
 *fill*         0x0000000008000852        0x2 
 .text.vApplicationGetIdleTaskMemory
                0x0000000008000854       0x34 ./FreeRTOS/Source/CMSIS_RTOS_V2/cmsis_os2.o
                0x0000000008000854                vApplicationGetIdleTaskMemory
 .text.vApplicationGetTimerTaskMemory
                0x0000000008000888       0x34 ./FreeRTOS/Source/CMSIS_RTOS_V2/cmsis_os2.o
                0x0000000008000888                vApplicationGetTimerTaskMemory
 .text.vListInitialise
                0x00000000080008bc       0x40 ./FreeRTOS/Source/list.o
                0x00000000080008bc                vListInitialise
 .text.vListInitialiseItem
                0x00000000080008fc       0x1a ./FreeRTOS/Source/list.o
                0x00000000080008fc                vListInitialiseItem
 .text.vListInsertEnd
                0x0000000008000916       0x48 ./FreeRTOS/Source/list.o
                0x0000000008000916                vListInsertEnd
 .text.vListInsert
                0x000000000800095e       0x72 ./FreeRTOS/Source/list.o
                0x000000000800095e                vListInsert
 .text.uxListRemove
                0x00000000080009d0       0x54 ./FreeRTOS/Source/list.o
                0x00000000080009d0                uxListRemove
 .text.xQueueGenericReset
                0x0000000008000a24       0xd0 ./FreeRTOS/Source/queue.o
                0x0000000008000a24                xQueueGenericReset
 .text.xQueueGenericCreateStatic
                0x0000000008000af4       0xf0 ./FreeRTOS/Source/queue.o
                0x0000000008000af4                xQueueGenericCreateStatic
 .text.prvInitialiseNewQueue
                0x0000000008000be4       0x46 ./FreeRTOS/Source/queue.o
 *fill*         0x0000000008000c2a        0x2 
 .text.xQueueGenericSend
                0x0000000008000c2c      0x1fc ./FreeRTOS/Source/queue.o
                0x0000000008000c2c                xQueueGenericSend
 .text.xQueueGenericSendFromISR
                0x0000000008000e28      0x136 ./FreeRTOS/Source/queue.o
                0x0000000008000e28                xQueueGenericSendFromISR
 *fill*         0x0000000008000f5e        0x2 
 .text.xQueueReceive
                0x0000000008000f60      0x1c0 ./FreeRTOS/Source/queue.o
                0x0000000008000f60                xQueueReceive
 .text.prvCopyDataToQueue
                0x0000000008001120       0xd4 ./FreeRTOS/Source/queue.o
 .text.prvCopyDataFromQueue
                0x00000000080011f4       0x4c ./FreeRTOS/Source/queue.o
 .text.prvUnlockQueue
                0x0000000008001240       0xa4 ./FreeRTOS/Source/queue.o
 .text.prvIsQueueEmpty
                0x00000000080012e4       0x2c ./FreeRTOS/Source/queue.o
 .text.prvIsQueueFull
                0x0000000008001310       0x30 ./FreeRTOS/Source/queue.o
 .text.vQueueAddToRegistry
                0x0000000008001340       0x54 ./FreeRTOS/Source/queue.o
                0x0000000008001340                vQueueAddToRegistry
 .text.vQueueWaitForMessageRestricted
                0x0000000008001394       0x68 ./FreeRTOS/Source/queue.o
                0x0000000008001394                vQueueWaitForMessageRestricted
 .text.xTaskCreateStatic
                0x00000000080013fc       0xba ./FreeRTOS/Source/tasks.o
                0x00000000080013fc                xTaskCreateStatic
 .text.xTaskCreate
                0x00000000080014b6       0x8a ./FreeRTOS/Source/tasks.o
                0x00000000080014b6                xTaskCreate
 .text.prvInitialiseNewTask
                0x0000000008001540      0x11e ./FreeRTOS/Source/tasks.o
 *fill*         0x000000000800165e        0x2 
 .text.prvAddNewTaskToReadyList
                0x0000000008001660       0xe0 ./FreeRTOS/Source/tasks.o
 .text.vTaskDelay
                0x0000000008001740       0x68 ./FreeRTOS/Source/tasks.o
                0x0000000008001740                vTaskDelay
 .text.vTaskStartScheduler
                0x00000000080017a8       0xcc ./FreeRTOS/Source/tasks.o
                0x00000000080017a8                vTaskStartScheduler
 .text.vTaskSuspendAll
                0x0000000008001874       0x1c ./FreeRTOS/Source/tasks.o
                0x0000000008001874                vTaskSuspendAll
 .text.xTaskResumeAll
                0x0000000008001890      0x13c ./FreeRTOS/Source/tasks.o
                0x0000000008001890                xTaskResumeAll
 .text.xTaskGetTickCount
                0x00000000080019cc       0x20 ./FreeRTOS/Source/tasks.o
                0x00000000080019cc                xTaskGetTickCount
 .text.xTaskIncrementTick
                0x00000000080019ec      0x174 ./FreeRTOS/Source/tasks.o
                0x00000000080019ec                xTaskIncrementTick
 .text.vTaskSwitchContext
                0x0000000008001b60       0xbc ./FreeRTOS/Source/tasks.o
                0x0000000008001b60                vTaskSwitchContext
 .text.vTaskPlaceOnEventList
                0x0000000008001c1c       0x48 ./FreeRTOS/Source/tasks.o
                0x0000000008001c1c                vTaskPlaceOnEventList
 .text.vTaskPlaceOnEventListRestricted
                0x0000000008001c64       0x58 ./FreeRTOS/Source/tasks.o
                0x0000000008001c64                vTaskPlaceOnEventListRestricted
 .text.xTaskRemoveFromEventList
                0x0000000008001cbc       0xc8 ./FreeRTOS/Source/tasks.o
                0x0000000008001cbc                xTaskRemoveFromEventList
 .text.vTaskInternalSetTimeOutState
                0x0000000008001d84       0x2c ./FreeRTOS/Source/tasks.o
                0x0000000008001d84                vTaskInternalSetTimeOutState
 .text.xTaskCheckForTimeOut
                0x0000000008001db0       0xc4 ./FreeRTOS/Source/tasks.o
                0x0000000008001db0                xTaskCheckForTimeOut
 .text.vTaskMissedYield
                0x0000000008001e74       0x18 ./FreeRTOS/Source/tasks.o
                0x0000000008001e74                vTaskMissedYield
 .text.prvIdleTask
                0x0000000008001e8c       0x30 ./FreeRTOS/Source/tasks.o
 .text.prvInitialiseTaskLists
                0x0000000008001ebc       0x80 ./FreeRTOS/Source/tasks.o
 .text.prvCheckTasksWaitingTermination
                0x0000000008001f3c       0x5c ./FreeRTOS/Source/tasks.o
 .text.prvDeleteTCB
                0x0000000008001f98       0x5e ./FreeRTOS/Source/tasks.o
 *fill*         0x0000000008001ff6        0x2 
 .text.prvResetNextTaskUnblockTime
                0x0000000008001ff8       0x40 ./FreeRTOS/Source/tasks.o
 .text.xTaskGetSchedulerState
                0x0000000008002038       0x3c ./FreeRTOS/Source/tasks.o
                0x0000000008002038                xTaskGetSchedulerState
 .text.xTaskPriorityDisinherit
                0x0000000008002074       0xdc ./FreeRTOS/Source/tasks.o
                0x0000000008002074                xTaskPriorityDisinherit
 .text.prvAddCurrentTaskToDelayedList
                0x0000000008002150       0xa8 ./FreeRTOS/Source/tasks.o
 .text.xTimerCreateTimerTask
                0x00000000080021f8       0x90 ./FreeRTOS/Source/timers.o
                0x00000000080021f8                xTimerCreateTimerTask
 .text.xTimerGenericCommand
                0x0000000008002288       0x9c ./FreeRTOS/Source/timers.o
                0x0000000008002288                xTimerGenericCommand
 .text.prvProcessExpiredTimer
                0x0000000008002324       0x98 ./FreeRTOS/Source/timers.o
 .text.prvTimerTask
                0x00000000080023bc       0x24 ./FreeRTOS/Source/timers.o
 .text.prvProcessTimerOrBlockTask
                0x00000000080023e0       0x9c ./FreeRTOS/Source/timers.o
 .text.prvGetNextExpireTime
                0x000000000800247c       0x48 ./FreeRTOS/Source/timers.o
 .text.prvSampleTimeNow
                0x00000000080024c4       0x40 ./FreeRTOS/Source/timers.o
 .text.prvInsertTimerInActiveList
                0x0000000008002504       0x84 ./FreeRTOS/Source/timers.o
 .text.prvProcessReceivedCommands
                0x0000000008002588      0x1c4 ./FreeRTOS/Source/timers.o
 .text.prvSwitchTimerLists
                0x000000000800274c       0xc8 ./FreeRTOS/Source/timers.o
 .text.prvCheckForValidListAndQueue
                0x0000000008002814       0x80 ./FreeRTOS/Source/timers.o
 .text.pxPortInitialiseStack
                0x0000000008002894       0x68 ./FreeRTOS/Source/portable/GCC/ARM_CM4F/port.o
                0x0000000008002894                pxPortInitialiseStack
 .text.prvTaskExitError
                0x00000000080028fc       0x58 ./FreeRTOS/Source/portable/GCC/ARM_CM4F/port.o
 *fill*         0x0000000008002954        0xc 
 .text.SVC_Handler
                0x0000000008002960       0x28 ./FreeRTOS/Source/portable/GCC/ARM_CM4F/port.o
                0x0000000008002960                SVC_Handler
 .text.prvPortStartFirstTask
                0x0000000008002988       0x28 ./FreeRTOS/Source/portable/GCC/ARM_CM4F/port.o
 .text.xPortStartScheduler
                0x00000000080029b0      0x144 ./FreeRTOS/Source/portable/GCC/ARM_CM4F/port.o
                0x00000000080029b0                xPortStartScheduler
 .text.vPortEnterCritical
                0x0000000008002af4       0x60 ./FreeRTOS/Source/portable/GCC/ARM_CM4F/port.o
                0x0000000008002af4                vPortEnterCritical
 .text.vPortExitCritical
                0x0000000008002b54       0x54 ./FreeRTOS/Source/portable/GCC/ARM_CM4F/port.o
                0x0000000008002b54                vPortExitCritical
 *fill*         0x0000000008002ba8        0x8 
 .text.PendSV_Handler
                0x0000000008002bb0       0x68 ./FreeRTOS/Source/portable/GCC/ARM_CM4F/port.o
                0x0000000008002bb0                PendSV_Handler
 .text.vPortSetupTimerInterrupt
                0x0000000008002c18       0x48 ./FreeRTOS/Source/portable/GCC/ARM_CM4F/port.o
                0x0000000008002c18                vPortSetupTimerInterrupt
 .text.vPortEnableVFP
                0x0000000008002c60       0x14 ./FreeRTOS/Source/portable/GCC/ARM_CM4F/port.o
 .text.vPortValidateInterruptPriority
                0x0000000008002c74       0x80 ./FreeRTOS/Source/portable/GCC/ARM_CM4F/port.o
                0x0000000008002c74                vPortValidateInterruptPriority
 .text.pvPortMalloc
                0x0000000008002cf4      0x198 ./FreeRTOS/Source/portable/MemMang/heap_4.o
                0x0000000008002cf4                pvPortMalloc
 .text.vPortFree
                0x0000000008002e8c       0xc4 ./FreeRTOS/Source/portable/MemMang/heap_4.o
                0x0000000008002e8c                vPortFree
 .text.prvHeapInit
                0x0000000008002f50       0xc4 ./FreeRTOS/Source/portable/MemMang/heap_4.o
 .text.prvInsertBlockIntoFreeList
                0x0000000008003014       0xb4 ./FreeRTOS/Source/portable/MemMang/heap_4.o
 .text.GPIO_Pin_Setup
                0x00000000080030c8      0x1c0 ./GPIO/GPIO.o
                0x00000000080030c8                GPIO_Pin_Setup
 .text.__NVIC_SetPriority
                0x0000000008003288       0x54 ./Src/main.o
 .text.SysTick_Config
                0x00000000080032dc       0x44 ./Src/main.o
 .text.MCU_Clock_Setup
                0x0000000008003320      0x120 ./Src/main.o
 .text.main     0x0000000008003440       0x3c ./Src/main.o
                0x0000000008003440                main
 .text.Console_Entry_Function
                0x000000000800347c       0x24 ./Src/main.o
                0x000000000800347c                Console_Entry_Function
 .text._sbrk    0x00000000080034a0       0x6c ./Src/sysmem.o
                0x00000000080034a0                _sbrk
 .text.SystemInit
                0x000000000800350c       0x24 ./Src/system_stm32f4xx.o
                0x000000000800350c                SystemInit
 .text.SystemCoreClockUpdate
                0x0000000008003530      0x100 ./Src/system_stm32f4xx.o
                0x0000000008003530                SystemCoreClockUpdate
 .text.Reset_Handler
                0x0000000008003630       0x50 ./Startup/startup_stm32f407vetx.o
                0x0000000008003630                Reset_Handler
 .text.Default_Handler
                0x0000000008003680        0x2 ./Startup/startup_stm32f407vetx.o
                0x0000000008003680                RTC_Alarm_IRQHandler
                0x0000000008003680                HASH_RNG_IRQHandler
                0x0000000008003680                EXTI2_IRQHandler
                0x0000000008003680                TIM8_CC_IRQHandler
                0x0000000008003680                DebugMon_Handler
                0x0000000008003680                TIM1_CC_IRQHandler
                0x0000000008003680                DMA2_Stream5_IRQHandler
                0x0000000008003680                HardFault_Handler
                0x0000000008003680                DMA1_Stream5_IRQHandler
                0x0000000008003680                SysTick_Handler
                0x0000000008003680                PVD_IRQHandler
                0x0000000008003680                SDIO_IRQHandler
                0x0000000008003680                TAMP_STAMP_IRQHandler
                0x0000000008003680                NMI_Handler
                0x0000000008003680                CAN2_RX1_IRQHandler
                0x0000000008003680                EXTI3_IRQHandler
                0x0000000008003680                TIM8_TRG_COM_TIM14_IRQHandler
                0x0000000008003680                TIM1_UP_TIM10_IRQHandler
                0x0000000008003680                TIM8_UP_TIM13_IRQHandler
                0x0000000008003680                I2C3_ER_IRQHandler
                0x0000000008003680                LCD_TFT_IRQHandler
                0x0000000008003680                EXTI0_IRQHandler
                0x0000000008003680                I2C2_EV_IRQHandler
                0x0000000008003680                DMA1_Stream2_IRQHandler
                0x0000000008003680                CAN1_RX0_IRQHandler
                0x0000000008003680                FPU_IRQHandler
                0x0000000008003680                OTG_HS_WKUP_IRQHandler
                0x0000000008003680                UsageFault_Handler
                0x0000000008003680                CAN2_SCE_IRQHandler
                0x0000000008003680                DMA2_Stream2_IRQHandler
                0x0000000008003680                SPI1_IRQHandler
                0x0000000008003680                TIM6_DAC_IRQHandler
                0x0000000008003680                TIM1_BRK_TIM9_IRQHandler
                0x0000000008003680                DCMI_IRQHandler
                0x0000000008003680                CAN2_RX0_IRQHandler
                0x0000000008003680                DMA2_Stream3_IRQHandler
                0x0000000008003680                USART6_IRQHandler
                0x0000000008003680                USART3_IRQHandler
                0x0000000008003680                CRYP_IRQHandler
                0x0000000008003680                CAN1_RX1_IRQHandler
                0x0000000008003680                UART5_IRQHandler
                0x0000000008003680                DMA2_Stream0_IRQHandler
                0x0000000008003680                TIM4_IRQHandler
                0x0000000008003680                I2C1_EV_IRQHandler
                0x0000000008003680                DMA1_Stream6_IRQHandler
                0x0000000008003680                DMA1_Stream1_IRQHandler
                0x0000000008003680                UART4_IRQHandler
                0x0000000008003680                LCD_TFT_1_IRQHandler
                0x0000000008003680                TIM3_IRQHandler
                0x0000000008003680                RCC_IRQHandler
                0x0000000008003680                TIM8_BRK_TIM12_IRQHandler
                0x0000000008003680                Default_Handler
                0x0000000008003680                EXTI15_10_IRQHandler
                0x0000000008003680                ADC_IRQHandler
                0x0000000008003680                DMA1_Stream7_IRQHandler
                0x0000000008003680                TIM7_IRQHandler
                0x0000000008003680                CAN2_TX_IRQHandler
                0x0000000008003680                TIM5_IRQHandler
                0x0000000008003680                DMA2_Stream7_IRQHandler
                0x0000000008003680                I2C3_EV_IRQHandler
                0x0000000008003680                EXTI9_5_IRQHandler
                0x0000000008003680                RTC_WKUP_IRQHandler
                0x0000000008003680                ETH_WKUP_IRQHandler
                0x0000000008003680                SPI2_IRQHandler
                0x0000000008003680                OTG_HS_EP1_IN_IRQHandler
                0x0000000008003680                MemManage_Handler
                0x0000000008003680                DMA1_Stream0_IRQHandler
                0x0000000008003680                CAN1_TX_IRQHandler
                0x0000000008003680                EXTI4_IRQHandler
                0x0000000008003680                FSMC_IRQHandler
                0x0000000008003680                ETH_IRQHandler
                0x0000000008003680                OTG_HS_EP1_OUT_IRQHandler
                0x0000000008003680                WWDG_IRQHandler
                0x0000000008003680                TIM2_IRQHandler
                0x0000000008003680                OTG_FS_WKUP_IRQHandler
                0x0000000008003680                TIM1_TRG_COM_TIM11_IRQHandler
                0x0000000008003680                OTG_HS_IRQHandler
                0x0000000008003680                EXTI1_IRQHandler
                0x0000000008003680                USART2_IRQHandler
                0x0000000008003680                I2C2_ER_IRQHandler
                0x0000000008003680                DMA2_Stream1_IRQHandler
                0x0000000008003680                CAN1_SCE_IRQHandler
                0x0000000008003680                DMA2_Stream4_IRQHandler
                0x0000000008003680                BusFault_Handler
                0x0000000008003680                USART1_IRQHandler
                0x0000000008003680                OTG_FS_IRQHandler
                0x0000000008003680                SPI3_IRQHandler
                0x0000000008003680                DMA1_Stream4_IRQHandler
                0x0000000008003680                I2C1_ER_IRQHandler
                0x0000000008003680                DMA2_Stream6_IRQHandler
                0x0000000008003680                DMA1_Stream3_IRQHandler
 *fill*         0x0000000008003682        0x2 
 .text.__errno  0x0000000008003684        0xc d:/st/stm32cubeide_1.9.0/stm32cubeide/plugins/com.st.stm32cube.ide.mcu.externaltools.gnu-tools-for-stm32.10.3-2021.10.win32_1.0.100.202210260954/tools/bin/../lib/gcc/arm-none-eabi/10.3.1/../../../../arm-none-eabi/lib/thumb/v7e-m+fp/hard\libc_nano.a(lib_a-errno.o)
                0x0000000008003684                __errno
 .text.__libc_init_array
                0x0000000008003690       0x48 d:/st/stm32cubeide_1.9.0/stm32cubeide/plugins/com.st.stm32cube.ide.mcu.externaltools.gnu-tools-for-stm32.10.3-2021.10.win32_1.0.100.202210260954/tools/bin/../lib/gcc/arm-none-eabi/10.3.1/../../../../arm-none-eabi/lib/thumb/v7e-m+fp/hard\libc_nano.a(lib_a-init.o)
                0x0000000008003690                __libc_init_array
 .text.memcpy   0x00000000080036d8       0x1c d:/st/stm32cubeide_1.9.0/stm32cubeide/plugins/com.st.stm32cube.ide.mcu.externaltools.gnu-tools-for-stm32.10.3-2021.10.win32_1.0.100.202210260954/tools/bin/../lib/gcc/arm-none-eabi/10.3.1/../../../../arm-none-eabi/lib/thumb/v7e-m+fp/hard\libc_nano.a(lib_a-memcpy-stub.o)
                0x00000000080036d8                memcpy
 .text.memset   0x00000000080036f4       0x10 d:/st/stm32cubeide_1.9.0/stm32cubeide/plugins/com.st.stm32cube.ide.mcu.externaltools.gnu-tools-for-stm32.10.3-2021.10.win32_1.0.100.202210260954/tools/bin/../lib/gcc/arm-none-eabi/10.3.1/../../../../arm-none-eabi/lib/thumb/v7e-m+fp/hard\libc_nano.a(lib_a-memset.o)
                0x00000000080036f4                memset
 .text._vsprintf_r
                0x0000000008003704       0x2c d:/st/stm32cubeide_1.9.0/stm32cubeide/plugins/com.st.stm32cube.ide.mcu.externaltools.gnu-tools-for-stm32.10.3-2021.10.win32_1.0.100.202210260954/tools/bin/../lib/gcc/arm-none-eabi/10.3.1/../../../../arm-none-eabi/lib/thumb/v7e-m+fp/hard\libc_nano.a(lib_a-vsprintf.o)
                0x0000000008003704                _vsprintf_r
                0x0000000008003704                _vsiprintf_r
 .text.vsprintf
                0x0000000008003730       0x14 d:/st/stm32cubeide_1.9.0/stm32cubeide/plugins/com.st.stm32cube.ide.mcu.externaltools.gnu-tools-for-stm32.10.3-2021.10.win32_1.0.100.202210260954/tools/bin/../lib/gcc/arm-none-eabi/10.3.1/../../../../arm-none-eabi/lib/thumb/v7e-m+fp/hard\libc_nano.a(lib_a-vsprintf.o)
                0x0000000008003730                vsiprintf
                0x0000000008003730                vsprintf
 .text.__ssputs_r
                0x0000000008003744       0xb6 d:/st/stm32cubeide_1.9.0/stm32cubeide/plugins/com.st.stm32cube.ide.mcu.externaltools.gnu-tools-for-stm32.10.3-2021.10.win32_1.0.100.202210260954/tools/bin/../lib/gcc/arm-none-eabi/10.3.1/../../../../arm-none-eabi/lib/thumb/v7e-m+fp/hard\libc_nano.a(lib_a-nano-svfprintf.o)
                0x0000000008003744                __ssputs_r
 *fill*         0x00000000080037fa        0x2 
 .text._svfprintf_r
                0x00000000080037fc      0x200 d:/st/stm32cubeide_1.9.0/stm32cubeide/plugins/com.st.stm32cube.ide.mcu.externaltools.gnu-tools-for-stm32.10.3-2021.10.win32_1.0.100.202210260954/tools/bin/../lib/gcc/arm-none-eabi/10.3.1/../../../../arm-none-eabi/lib/thumb/v7e-m+fp/hard\libc_nano.a(lib_a-nano-svfprintf.o)
                0x00000000080037fc                _svfiprintf_r
                0x00000000080037fc                _svfprintf_r
 .text._printf_common
                0x00000000080039fc       0xda d:/st/stm32cubeide_1.9.0/stm32cubeide/plugins/com.st.stm32cube.ide.mcu.externaltools.gnu-tools-for-stm32.10.3-2021.10.win32_1.0.100.202210260954/tools/bin/../lib/gcc/arm-none-eabi/10.3.1/../../../../arm-none-eabi/lib/thumb/v7e-m+fp/hard\libc_nano.a(lib_a-nano-vfprintf_i.o)
                0x00000000080039fc                _printf_common
 *fill*         0x0000000008003ad6        0x2 
 .text._printf_i
                0x0000000008003ad8      0x24c d:/st/stm32cubeide_1.9.0/stm32cubeide/plugins/com.st.stm32cube.ide.mcu.externaltools.gnu-tools-for-stm32.10.3-2021.10.win32_1.0.100.202210260954/tools/bin/../lib/gcc/arm-none-eabi/10.3.1/../../../../arm-none-eabi/lib/thumb/v7e-m+fp/hard\libc_nano.a(lib_a-nano-vfprintf_i.o)
                0x0000000008003ad8                _printf_i
 .text.memmove  0x0000000008003d24       0x34 d:/st/stm32cubeide_1.9.0/stm32cubeide/plugins/com.st.stm32cube.ide.mcu.externaltools.gnu-tools-for-stm32.10.3-2021.10.win32_1.0.100.202210260954/tools/bin/../lib/gcc/arm-none-eabi/10.3.1/../../../../arm-none-eabi/lib/thumb/v7e-m+fp/hard\libc_nano.a(lib_a-memmove.o)
                0x0000000008003d24                memmove
 .text._free_r  0x0000000008003d58       0x98 d:/st/stm32cubeide_1.9.0/stm32cubeide/plugins/com.st.stm32cube.ide.mcu.externaltools.gnu-tools-for-stm32.10.3-2021.10.win32_1.0.100.202210260954/tools/bin/../lib/gcc/arm-none-eabi/10.3.1/../../../../arm-none-eabi/lib/thumb/v7e-m+fp/hard\libc_nano.a(lib_a-nano-freer.o)
                0x0000000008003d58                _free_r
 .text.sbrk_aligned
                0x0000000008003df0       0x40 d:/st/stm32cubeide_1.9.0/stm32cubeide/plugins/com.st.stm32cube.ide.mcu.externaltools.gnu-tools-for-stm32.10.3-2021.10.win32_1.0.100.202210260954/tools/bin/../lib/gcc/arm-none-eabi/10.3.1/../../../../arm-none-eabi/lib/thumb/v7e-m+fp/hard\libc_nano.a(lib_a-nano-mallocr.o)
 .text._malloc_r
                0x0000000008003e30       0xe8 d:/st/stm32cubeide_1.9.0/stm32cubeide/plugins/com.st.stm32cube.ide.mcu.externaltools.gnu-tools-for-stm32.10.3-2021.10.win32_1.0.100.202210260954/tools/bin/../lib/gcc/arm-none-eabi/10.3.1/../../../../arm-none-eabi/lib/thumb/v7e-m+fp/hard\libc_nano.a(lib_a-nano-mallocr.o)
                0x0000000008003e30                _malloc_r
 .text._realloc_r
                0x0000000008003f18       0x5e d:/st/stm32cubeide_1.9.0/stm32cubeide/plugins/com.st.stm32cube.ide.mcu.externaltools.gnu-tools-for-stm32.10.3-2021.10.win32_1.0.100.202210260954/tools/bin/../lib/gcc/arm-none-eabi/10.3.1/../../../../arm-none-eabi/lib/thumb/v7e-m+fp/hard\libc_nano.a(lib_a-nano-reallocr.o)
                0x0000000008003f18                _realloc_r
 *fill*         0x0000000008003f76        0x2 
 .text._sbrk_r  0x0000000008003f78       0x20 d:/st/stm32cubeide_1.9.0/stm32cubeide/plugins/com.st.stm32cube.ide.mcu.externaltools.gnu-tools-for-stm32.10.3-2021.10.win32_1.0.100.202210260954/tools/bin/../lib/gcc/arm-none-eabi/10.3.1/../../../../arm-none-eabi/lib/thumb/v7e-m+fp/hard\libc_nano.a(lib_a-sbrkr.o)
                0x0000000008003f78                _sbrk_r
 .text.__malloc_lock
                0x0000000008003f98        0xc d:/st/stm32cubeide_1.9.0/stm32cubeide/plugins/com.st.stm32cube.ide.mcu.externaltools.gnu-tools-for-stm32.10.3-2021.10.win32_1.0.100.202210260954/tools/bin/../lib/gcc/arm-none-eabi/10.3.1/../../../../arm-none-eabi/lib/thumb/v7e-m+fp/hard\libc_nano.a(lib_a-mlock.o)
                0x0000000008003f98                __malloc_lock
 .text.__malloc_unlock
                0x0000000008003fa4        0xc d:/st/stm32cubeide_1.9.0/stm32cubeide/plugins/com.st.stm32cube.ide.mcu.externaltools.gnu-tools-for-stm32.10.3-2021.10.win32_1.0.100.202210260954/tools/bin/../lib/gcc/arm-none-eabi/10.3.1/../../../../arm-none-eabi/lib/thumb/v7e-m+fp/hard\libc_nano.a(lib_a-mlock.o)
                0x0000000008003fa4                __malloc_unlock
 .text._malloc_usable_size_r
                0x0000000008003fb0       0x10 d:/st/stm32cubeide_1.9.0/stm32cubeide/plugins/com.st.stm32cube.ide.mcu.externaltools.gnu-tools-for-stm32.10.3-2021.10.win32_1.0.100.202210260954/tools/bin/../lib/gcc/arm-none-eabi/10.3.1/../../../../arm-none-eabi/lib/thumb/v7e-m+fp/hard\libc_nano.a(lib_a-nano-msizer.o)
                0x0000000008003fb0                _malloc_usable_size_r
 .text.__retarget_lock_acquire_recursive
                0x0000000008003fc0        0x2 d:/st/stm32cubeide_1.9.0/stm32cubeide/plugins/com.st.stm32cube.ide.mcu.externaltools.gnu-tools-for-stm32.10.3-2021.10.win32_1.0.100.202210260954/tools/bin/../lib/gcc/arm-none-eabi/10.3.1/../../../../arm-none-eabi/lib/thumb/v7e-m+fp/hard\libc_nano.a(lib_a-lock.o)
                0x0000000008003fc0                __retarget_lock_acquire_recursive
 .text.__retarget_lock_release_recursive
                0x0000000008003fc2        0x2 d:/st/stm32cubeide_1.9.0/stm32cubeide/plugins/com.st.stm32cube.ide.mcu.externaltools.gnu-tools-for-stm32.10.3-2021.10.win32_1.0.100.202210260954/tools/bin/../lib/gcc/arm-none-eabi/10.3.1/../../../../arm-none-eabi/lib/thumb/v7e-m+fp/hard\libc_nano.a(lib_a-lock.o)
                0x0000000008003fc2                __retarget_lock_release_recursive
 *(.glue_7)
 .glue_7        0x0000000008003fc4        0x0 linker stubs
 *(.glue_7t)
 .glue_7t       0x0000000008003fc4        0x0 linker stubs
 *(.eh_frame)
 .eh_frame      0x0000000008003fc4        0x0 d:/st/stm32cubeide_1.9.0/stm32cubeide/plugins/com.st.stm32cube.ide.mcu.externaltools.gnu-tools-for-stm32.10.3-2021.10.win32_1.0.100.202210260954/tools/bin/../lib/gcc/arm-none-eabi/10.3.1/thumb/v7e-m+fp/hard/crtbegin.o
 *(.init)
 .init          0x0000000008003fc4        0x4 d:/st/stm32cubeide_1.9.0/stm32cubeide/plugins/com.st.stm32cube.ide.mcu.externaltools.gnu-tools-for-stm32.10.3-2021.10.win32_1.0.100.202210260954/tools/bin/../lib/gcc/arm-none-eabi/10.3.1/thumb/v7e-m+fp/hard/crti.o
                0x0000000008003fc4                _init
 .init          0x0000000008003fc8        0x8 d:/st/stm32cubeide_1.9.0/stm32cubeide/plugins/com.st.stm32cube.ide.mcu.externaltools.gnu-tools-for-stm32.10.3-2021.10.win32_1.0.100.202210260954/tools/bin/../lib/gcc/arm-none-eabi/10.3.1/thumb/v7e-m+fp/hard/crtn.o
 *(.fini)
 .fini          0x0000000008003fd0        0x4 d:/st/stm32cubeide_1.9.0/stm32cubeide/plugins/com.st.stm32cube.ide.mcu.externaltools.gnu-tools-for-stm32.10.3-2021.10.win32_1.0.100.202210260954/tools/bin/../lib/gcc/arm-none-eabi/10.3.1/thumb/v7e-m+fp/hard/crti.o
                0x0000000008003fd0                _fini
 .fini          0x0000000008003fd4        0x8 d:/st/stm32cubeide_1.9.0/stm32cubeide/plugins/com.st.stm32cube.ide.mcu.externaltools.gnu-tools-for-stm32.10.3-2021.10.win32_1.0.100.202210260954/tools/bin/../lib/gcc/arm-none-eabi/10.3.1/thumb/v7e-m+fp/hard/crtn.o
                0x0000000008003fdc                . = ALIGN (0x4)
                0x0000000008003fdc                _etext = .

.vfp11_veneer   0x0000000008003fdc        0x0
 .vfp11_veneer  0x0000000008003fdc        0x0 linker stubs

.v4_bx          0x0000000008003fdc        0x0
 .v4_bx         0x0000000008003fdc        0x0 linker stubs

.iplt           0x0000000008003fdc        0x0
 .iplt          0x0000000008003fdc        0x0 d:/st/stm32cubeide_1.9.0/stm32cubeide/plugins/com.st.stm32cube.ide.mcu.externaltools.gnu-tools-for-stm32.10.3-2021.10.win32_1.0.100.202210260954/tools/bin/../lib/gcc/arm-none-eabi/10.3.1/thumb/v7e-m+fp/hard/crtbegin.o

.rodata         0x0000000008003fdc       0xbc
                0x0000000008003fdc                . = ALIGN (0x4)
 *(.rodata)
 .rodata        0x0000000008003fdc        0x5 ./FreeRTOS/Source/tasks.o
 *fill*         0x0000000008003fe1        0x3 
 .rodata        0x0000000008003fe4        0xd ./FreeRTOS/Source/timers.o
 *fill*         0x0000000008003ff1        0x3 
 .rodata        0x0000000008003ff4       0x3a ./Src/main.o
 *(.rodata*)
 *fill*         0x000000000800402e        0x2 
 .rodata.Console_Attribute
                0x0000000008004030       0x24 ./Src/main.o
                0x0000000008004030                Console_Attribute
 .rodata.AHBPrescTable
                0x0000000008004054       0x10 ./Src/system_stm32f4xx.o
                0x0000000008004054                AHBPrescTable
 .rodata._svfprintf_r.str1.1
                0x0000000008004064       0x11 d:/st/stm32cubeide_1.9.0/stm32cubeide/plugins/com.st.stm32cube.ide.mcu.externaltools.gnu-tools-for-stm32.10.3-2021.10.win32_1.0.100.202210260954/tools/bin/../lib/gcc/arm-none-eabi/10.3.1/../../../../arm-none-eabi/lib/thumb/v7e-m+fp/hard\libc_nano.a(lib_a-nano-svfprintf.o)
 .rodata._printf_i.str1.1
                0x0000000008004075       0x22 d:/st/stm32cubeide_1.9.0/stm32cubeide/plugins/com.st.stm32cube.ide.mcu.externaltools.gnu-tools-for-stm32.10.3-2021.10.win32_1.0.100.202210260954/tools/bin/../lib/gcc/arm-none-eabi/10.3.1/../../../../arm-none-eabi/lib/thumb/v7e-m+fp/hard\libc_nano.a(lib_a-nano-vfprintf_i.o)
                0x0000000008004098                . = ALIGN (0x4)
 *fill*         0x0000000008004097        0x1 

.rel.dyn        0x0000000008004098        0x0
 .rel.iplt      0x0000000008004098        0x0 d:/st/stm32cubeide_1.9.0/stm32cubeide/plugins/com.st.stm32cube.ide.mcu.externaltools.gnu-tools-for-stm32.10.3-2021.10.win32_1.0.100.202210260954/tools/bin/../lib/gcc/arm-none-eabi/10.3.1/thumb/v7e-m+fp/hard/crtbegin.o

.ARM.extab      0x0000000008004098        0x0
                0x0000000008004098                . = ALIGN (0x4)
 *(.ARM.extab* .gnu.linkonce.armextab.*)
                0x0000000008004098                . = ALIGN (0x4)

.ARM            0x0000000008004098        0x0
                0x0000000008004098                . = ALIGN (0x4)
                0x0000000008004098                __exidx_start = .
 *(.ARM.exidx*)
                0x0000000008004098                __exidx_end = .
                0x0000000008004098                . = ALIGN (0x4)

.preinit_array  0x0000000008004098        0x0
                0x0000000008004098                . = ALIGN (0x4)
                0x0000000008004098                PROVIDE (__preinit_array_start = .)
 *(.preinit_array*)
                0x0000000008004098                PROVIDE (__preinit_array_end = .)
                0x0000000008004098                . = ALIGN (0x4)

.init_array     0x0000000008004098        0x4
                0x0000000008004098                . = ALIGN (0x4)
                0x0000000008004098                PROVIDE (__init_array_start = .)
 *(SORT_BY_NAME(.init_array.*))
 *(.init_array*)
 .init_array    0x0000000008004098        0x4 d:/st/stm32cubeide_1.9.0/stm32cubeide/plugins/com.st.stm32cube.ide.mcu.externaltools.gnu-tools-for-stm32.10.3-2021.10.win32_1.0.100.202210260954/tools/bin/../lib/gcc/arm-none-eabi/10.3.1/thumb/v7e-m+fp/hard/crtbegin.o
                0x000000000800409c                PROVIDE (__init_array_end = .)
                0x000000000800409c                . = ALIGN (0x4)

.fini_array     0x000000000800409c        0x4
                0x000000000800409c                . = ALIGN (0x4)
                [!provide]                        PROVIDE (__fini_array_start = .)
 *(SORT_BY_NAME(.fini_array.*))
 *(.fini_array*)
 .fini_array    0x000000000800409c        0x4 d:/st/stm32cubeide_1.9.0/stm32cubeide/plugins/com.st.stm32cube.ide.mcu.externaltools.gnu-tools-for-stm32.10.3-2021.10.win32_1.0.100.202210260954/tools/bin/../lib/gcc/arm-none-eabi/10.3.1/thumb/v7e-m+fp/hard/crtbegin.o
                [!provide]                        PROVIDE (__fini_array_end = .)
                0x00000000080040a0                . = ALIGN (0x4)
                0x00000000080040a0                _sidata = LOADADDR (.data)

.data           0x0000000020000000       0x6c load address 0x00000000080040a0
                0x0000000020000000                . = ALIGN (0x4)
                0x0000000020000000                _sdata = .
 *(.data)
 *(.data*)
 .data.uxCriticalNesting
                0x0000000020000000        0x4 ./FreeRTOS/Source/portable/GCC/ARM_CM4F/port.o
 .data.SystemCoreClock
                0x0000000020000004        0x4 ./Src/system_stm32f4xx.o
                0x0000000020000004                SystemCoreClock
 .data._impure_ptr
                0x0000000020000008        0x4 d:/st/stm32cubeide_1.9.0/stm32cubeide/plugins/com.st.stm32cube.ide.mcu.externaltools.gnu-tools-for-stm32.10.3-2021.10.win32_1.0.100.202210260954/tools/bin/../lib/gcc/arm-none-eabi/10.3.1/../../../../arm-none-eabi/lib/thumb/v7e-m+fp/hard\libc_nano.a(lib_a-impure.o)
                0x0000000020000008                _impure_ptr
 .data.impure_data
                0x000000002000000c       0x60 d:/st/stm32cubeide_1.9.0/stm32cubeide/plugins/com.st.stm32cube.ide.mcu.externaltools.gnu-tools-for-stm32.10.3-2021.10.win32_1.0.100.202210260954/tools/bin/../lib/gcc/arm-none-eabi/10.3.1/../../../../arm-none-eabi/lib/thumb/v7e-m+fp/hard\libc_nano.a(lib_a-impure.o)
 *(.RamFunc)
 *(.RamFunc*)
                0x000000002000006c                . = ALIGN (0x4)
                0x000000002000006c                _edata = .
                0x000000000800410c                _siccmram = LOADADDR (.ccmram)

.igot.plt       0x000000002000006c        0x0 load address 0x000000000800410c
 .igot.plt      0x000000002000006c        0x0 d:/st/stm32cubeide_1.9.0/stm32cubeide/plugins/com.st.stm32cube.ide.mcu.externaltools.gnu-tools-for-stm32.10.3-2021.10.win32_1.0.100.202210260954/tools/bin/../lib/gcc/arm-none-eabi/10.3.1/thumb/v7e-m+fp/hard/crtbegin.o

.ccmram         0x0000000010000000        0x0 load address 0x000000000800410c
                0x0000000010000000                . = ALIGN (0x4)
                0x0000000010000000                _sccmram = .
 *(.ccmram)
 *(.ccmram*)
                0x0000000010000000                . = ALIGN (0x4)
                0x0000000010000000                _eccmram = .
                0x0000000010000000                . = ALIGN (0x4)

.bss            0x000000002000006c     0x4984
                0x000000002000006c                _sbss = .
                0x000000002000006c                __bss_start__ = _sbss
 *(.bss)
 .bss           0x000000002000006c       0x1c d:/st/stm32cubeide_1.9.0/stm32cubeide/plugins/com.st.stm32cube.ide.mcu.externaltools.gnu-tools-for-stm32.10.3-2021.10.win32_1.0.100.202210260954/tools/bin/../lib/gcc/arm-none-eabi/10.3.1/thumb/v7e-m+fp/hard/crtbegin.o
 *(.bss*)
 .bss.KernelState
                0x0000000020000088        0x4 ./FreeRTOS/Source/CMSIS_RTOS_V2/cmsis_os2.o
 .bss.Idle_TCB.3
                0x000000002000008c       0x5c ./FreeRTOS/Source/CMSIS_RTOS_V2/cmsis_os2.o
 .bss.Idle_Stack.2
                0x00000000200000e8      0x200 ./FreeRTOS/Source/CMSIS_RTOS_V2/cmsis_os2.o
 .bss.Timer_TCB.1
                0x00000000200002e8       0x5c ./FreeRTOS/Source/CMSIS_RTOS_V2/cmsis_os2.o
 .bss.Timer_Stack.0
                0x0000000020000344      0x400 ./FreeRTOS/Source/CMSIS_RTOS_V2/cmsis_os2.o
 .bss.xQueueRegistry
                0x0000000020000744       0x40 ./FreeRTOS/Source/queue.o
                0x0000000020000744                xQueueRegistry
 .bss.pxCurrentTCB
                0x0000000020000784        0x4 ./FreeRTOS/Source/tasks.o
                0x0000000020000784                pxCurrentTCB
 .bss.pxReadyTasksLists
                0x0000000020000788      0x460 ./FreeRTOS/Source/tasks.o
 .bss.xDelayedTaskList1
                0x0000000020000be8       0x14 ./FreeRTOS/Source/tasks.o
 .bss.xDelayedTaskList2
                0x0000000020000bfc       0x14 ./FreeRTOS/Source/tasks.o
 .bss.pxDelayedTaskList
                0x0000000020000c10        0x4 ./FreeRTOS/Source/tasks.o
 .bss.pxOverflowDelayedTaskList
                0x0000000020000c14        0x4 ./FreeRTOS/Source/tasks.o
 .bss.xPendingReadyList
                0x0000000020000c18       0x14 ./FreeRTOS/Source/tasks.o
 .bss.xTasksWaitingTermination
                0x0000000020000c2c       0x14 ./FreeRTOS/Source/tasks.o
 .bss.uxDeletedTasksWaitingCleanUp
                0x0000000020000c40        0x4 ./FreeRTOS/Source/tasks.o
 .bss.xSuspendedTaskList
                0x0000000020000c44       0x14 ./FreeRTOS/Source/tasks.o
 .bss.uxCurrentNumberOfTasks
                0x0000000020000c58        0x4 ./FreeRTOS/Source/tasks.o
 .bss.xTickCount
                0x0000000020000c5c        0x4 ./FreeRTOS/Source/tasks.o
 .bss.uxTopReadyPriority
                0x0000000020000c60        0x4 ./FreeRTOS/Source/tasks.o
 .bss.xSchedulerRunning
                0x0000000020000c64        0x4 ./FreeRTOS/Source/tasks.o
 .bss.xPendedTicks
                0x0000000020000c68        0x4 ./FreeRTOS/Source/tasks.o
 .bss.xYieldPending
                0x0000000020000c6c        0x4 ./FreeRTOS/Source/tasks.o
 .bss.xNumOfOverflows
                0x0000000020000c70        0x4 ./FreeRTOS/Source/tasks.o
 .bss.uxTaskNumber
                0x0000000020000c74        0x4 ./FreeRTOS/Source/tasks.o
 .bss.xNextTaskUnblockTime
                0x0000000020000c78        0x4 ./FreeRTOS/Source/tasks.o
 .bss.xIdleTaskHandle
                0x0000000020000c7c        0x4 ./FreeRTOS/Source/tasks.o
 .bss.uxSchedulerSuspended
                0x0000000020000c80        0x4 ./FreeRTOS/Source/tasks.o
 .bss.xActiveTimerList1
                0x0000000020000c84       0x14 ./FreeRTOS/Source/timers.o
 .bss.xActiveTimerList2
                0x0000000020000c98       0x14 ./FreeRTOS/Source/timers.o
 .bss.pxCurrentTimerList
                0x0000000020000cac        0x4 ./FreeRTOS/Source/timers.o
 .bss.pxOverflowTimerList
                0x0000000020000cb0        0x4 ./FreeRTOS/Source/timers.o
 .bss.xTimerQueue
                0x0000000020000cb4        0x4 ./FreeRTOS/Source/timers.o
 .bss.xTimerTaskHandle
                0x0000000020000cb8        0x4 ./FreeRTOS/Source/timers.o
 .bss.xLastTime.2
                0x0000000020000cbc        0x4 ./FreeRTOS/Source/timers.o
 .bss.ucStaticTimerQueueStorage.1
                0x0000000020000cc0       0xa0 ./FreeRTOS/Source/timers.o
 .bss.xStaticTimerQueue.0
                0x0000000020000d60       0x50 ./FreeRTOS/Source/timers.o
 .bss.ucMaxSysCallPriority
                0x0000000020000db0        0x1 ./FreeRTOS/Source/portable/GCC/ARM_CM4F/port.o
 *fill*         0x0000000020000db1        0x3 
 .bss.ulMaxPRIGROUPValue
                0x0000000020000db4        0x4 ./FreeRTOS/Source/portable/GCC/ARM_CM4F/port.o
 .bss.ucHeap    0x0000000020000db8     0x3c00 ./FreeRTOS/Source/portable/MemMang/heap_4.o
 .bss.xStart    0x00000000200049b8        0x8 ./FreeRTOS/Source/portable/MemMang/heap_4.o
 .bss.pxEnd     0x00000000200049c0        0x4 ./FreeRTOS/Source/portable/MemMang/heap_4.o
 .bss.xFreeBytesRemaining
                0x00000000200049c4        0x4 ./FreeRTOS/Source/portable/MemMang/heap_4.o
 .bss.xMinimumEverFreeBytesRemaining
                0x00000000200049c8        0x4 ./FreeRTOS/Source/portable/MemMang/heap_4.o
 .bss.xNumberOfSuccessfulAllocations
                0x00000000200049cc        0x4 ./FreeRTOS/Source/portable/MemMang/heap_4.o
 .bss.xNumberOfSuccessfulFrees
                0x00000000200049d0        0x4 ./FreeRTOS/Source/portable/MemMang/heap_4.o
 .bss.xBlockAllocatedBit
                0x00000000200049d4        0x4 ./FreeRTOS/Source/portable/MemMang/heap_4.o
 .bss.Console_Handle
                0x00000000200049d8        0x4 ./Src/main.o
                0x00000000200049d8                Console_Handle
 .bss.__sbrk_heap_end
                0x00000000200049dc        0x4 ./Src/sysmem.o
 .bss.__malloc_free_list
                0x00000000200049e0        0x4 d:/st/stm32cubeide_1.9.0/stm32cubeide/plugins/com.st.stm32cube.ide.mcu.externaltools.gnu-tools-for-stm32.10.3-2021.10.win32_1.0.100.202210260954/tools/bin/../lib/gcc/arm-none-eabi/10.3.1/../../../../arm-none-eabi/lib/thumb/v7e-m+fp/hard\libc_nano.a(lib_a-nano-mallocr.o)
                0x00000000200049e0                __malloc_free_list
 .bss.__malloc_sbrk_start
                0x00000000200049e4        0x4 d:/st/stm32cubeide_1.9.0/stm32cubeide/plugins/com.st.stm32cube.ide.mcu.externaltools.gnu-tools-for-stm32.10.3-2021.10.win32_1.0.100.202210260954/tools/bin/../lib/gcc/arm-none-eabi/10.3.1/../../../../arm-none-eabi/lib/thumb/v7e-m+fp/hard\libc_nano.a(lib_a-nano-mallocr.o)
                0x00000000200049e4                __malloc_sbrk_start
 .bss.errno     0x00000000200049e8        0x4 d:/st/stm32cubeide_1.9.0/stm32cubeide/plugins/com.st.stm32cube.ide.mcu.externaltools.gnu-tools-for-stm32.10.3-2021.10.win32_1.0.100.202210260954/tools/bin/../lib/gcc/arm-none-eabi/10.3.1/../../../../arm-none-eabi/lib/thumb/v7e-m+fp/hard\libc_nano.a(lib_a-reent.o)
                0x00000000200049e8                errno
 .bss.__lock___malloc_recursive_mutex
                0x00000000200049ec        0x1 d:/st/stm32cubeide_1.9.0/stm32cubeide/plugins/com.st.stm32cube.ide.mcu.externaltools.gnu-tools-for-stm32.10.3-2021.10.win32_1.0.100.202210260954/tools/bin/../lib/gcc/arm-none-eabi/10.3.1/../../../../arm-none-eabi/lib/thumb/v7e-m+fp/hard\libc_nano.a(lib_a-lock.o)
                0x00000000200049ec                __lock___malloc_recursive_mutex
 *(COMMON)
                0x00000000200049f0                . = ALIGN (0x4)
 *fill*         0x00000000200049ed        0x3 
                0x00000000200049f0                _ebss = .
                0x00000000200049f0                __bss_end__ = _ebss

._user_heap_stack
                0x00000000200049f0      0x600
                0x00000000200049f0                . = ALIGN (0x8)
                [!provide]                        PROVIDE (end = .)
                0x00000000200049f0                PROVIDE (_end = .)
                0x0000000020004bf0                . = (. + _Min_Heap_Size)
 *fill*         0x00000000200049f0      0x200 
                0x0000000020004ff0                . = (. + _Min_Stack_Size)
 *fill*         0x0000000020004bf0      0x400 
                0x0000000020004ff0                . = ALIGN (0x8)

/DISCARD/
 libc.a(*)
 libm.a(*)
 libgcc.a(*)

.ARM.attributes
                0x0000000000000000       0x30
 *(.ARM.attributes)
 .ARM.attributes
                0x0000000000000000       0x1e d:/st/stm32cubeide_1.9.0/stm32cubeide/plugins/com.st.stm32cube.ide.mcu.externaltools.gnu-tools-for-stm32.10.3-2021.10.win32_1.0.100.202210260954/tools/bin/../lib/gcc/arm-none-eabi/10.3.1/thumb/v7e-m+fp/hard/crti.o
 .ARM.attributes
                0x000000000000001e       0x34 d:/st/stm32cubeide_1.9.0/stm32cubeide/plugins/com.st.stm32cube.ide.mcu.externaltools.gnu-tools-for-stm32.10.3-2021.10.win32_1.0.100.202210260954/tools/bin/../lib/gcc/arm-none-eabi/10.3.1/thumb/v7e-m+fp/hard/crtbegin.o
 .ARM.attributes
                0x0000000000000052       0x34 ./Console/Console.o
 .ARM.attributes
                0x0000000000000086       0x34 ./FreeRTOS/Source/CMSIS_RTOS_V2/cmsis_os2.o
 .ARM.attributes
                0x00000000000000ba       0x34 ./FreeRTOS/Source/list.o
 .ARM.attributes
                0x00000000000000ee       0x34 ./FreeRTOS/Source/queue.o
 .ARM.attributes
                0x0000000000000122       0x34 ./FreeRTOS/Source/tasks.o
 .ARM.attributes
                0x0000000000000156       0x34 ./FreeRTOS/Source/timers.o
 .ARM.attributes
                0x000000000000018a       0x34 ./FreeRTOS/Source/portable/GCC/ARM_CM4F/port.o
 .ARM.attributes
                0x00000000000001be       0x34 ./FreeRTOS/Source/portable/MemMang/heap_4.o
 .ARM.attributes
                0x00000000000001f2       0x34 ./GPIO/GPIO.o
 .ARM.attributes
                0x0000000000000226       0x34 ./Src/main.o
 .ARM.attributes
                0x000000000000025a       0x34 ./Src/sysmem.o
 .ARM.attributes
                0x000000000000028e       0x34 ./Src/system_stm32f4xx.o
 .ARM.attributes
                0x00000000000002c2       0x21 ./Startup/startup_stm32f407vetx.o
 .ARM.attributes
                0x00000000000002e3       0x34 d:/st/stm32cubeide_1.9.0/stm32cubeide/plugins/com.st.stm32cube.ide.mcu.externaltools.gnu-tools-for-stm32.10.3-2021.10.win32_1.0.100.202210260954/tools/bin/../lib/gcc/arm-none-eabi/10.3.1/../../../../arm-none-eabi/lib/thumb/v7e-m+fp/hard\libc_nano.a(lib_a-errno.o)
 .ARM.attributes
                0x0000000000000317       0x34 d:/st/stm32cubeide_1.9.0/stm32cubeide/plugins/com.st.stm32cube.ide.mcu.externaltools.gnu-tools-for-stm32.10.3-2021.10.win32_1.0.100.202210260954/tools/bin/../lib/gcc/arm-none-eabi/10.3.1/../../../../arm-none-eabi/lib/thumb/v7e-m+fp/hard\libc_nano.a(lib_a-impure.o)
 .ARM.attributes
                0x000000000000034b       0x34 d:/st/stm32cubeide_1.9.0/stm32cubeide/plugins/com.st.stm32cube.ide.mcu.externaltools.gnu-tools-for-stm32.10.3-2021.10.win32_1.0.100.202210260954/tools/bin/../lib/gcc/arm-none-eabi/10.3.1/../../../../arm-none-eabi/lib/thumb/v7e-m+fp/hard\libc_nano.a(lib_a-init.o)
 .ARM.attributes
                0x000000000000037f       0x34 d:/st/stm32cubeide_1.9.0/stm32cubeide/plugins/com.st.stm32cube.ide.mcu.externaltools.gnu-tools-for-stm32.10.3-2021.10.win32_1.0.100.202210260954/tools/bin/../lib/gcc/arm-none-eabi/10.3.1/../../../../arm-none-eabi/lib/thumb/v7e-m+fp/hard\libc_nano.a(lib_a-memcpy-stub.o)
 .ARM.attributes
                0x00000000000003b3       0x34 d:/st/stm32cubeide_1.9.0/stm32cubeide/plugins/com.st.stm32cube.ide.mcu.externaltools.gnu-tools-for-stm32.10.3-2021.10.win32_1.0.100.202210260954/tools/bin/../lib/gcc/arm-none-eabi/10.3.1/../../../../arm-none-eabi/lib/thumb/v7e-m+fp/hard\libc_nano.a(lib_a-memset.o)
 .ARM.attributes
                0x00000000000003e7       0x17 d:/st/stm32cubeide_1.9.0/stm32cubeide/plugins/com.st.stm32cube.ide.mcu.externaltools.gnu-tools-for-stm32.10.3-2021.10.win32_1.0.100.202210260954/tools/bin/../lib/gcc/arm-none-eabi/10.3.1/../../../../arm-none-eabi/lib/thumb/v7e-m+fp/hard\libc_nano.a(lib_a-strlen.o)
 .ARM.attributes
                0x00000000000003fe       0x34 d:/st/stm32cubeide_1.9.0/stm32cubeide/plugins/com.st.stm32cube.ide.mcu.externaltools.gnu-tools-for-stm32.10.3-2021.10.win32_1.0.100.202210260954/tools/bin/../lib/gcc/arm-none-eabi/10.3.1/../../../../arm-none-eabi/lib/thumb/v7e-m+fp/hard\libc_nano.a(lib_a-vsprintf.o)
 .ARM.attributes
                0x0000000000000432       0x34 d:/st/stm32cubeide_1.9.0/stm32cubeide/plugins/com.st.stm32cube.ide.mcu.externaltools.gnu-tools-for-stm32.10.3-2021.10.win32_1.0.100.202210260954/tools/bin/../lib/gcc/arm-none-eabi/10.3.1/../../../../arm-none-eabi/lib/thumb/v7e-m+fp/hard\libc_nano.a(lib_a-nano-svfprintf.o)
 .ARM.attributes
                0x0000000000000466       0x34 d:/st/stm32cubeide_1.9.0/stm32cubeide/plugins/com.st.stm32cube.ide.mcu.externaltools.gnu-tools-for-stm32.10.3-2021.10.win32_1.0.100.202210260954/tools/bin/../lib/gcc/arm-none-eabi/10.3.1/../../../../arm-none-eabi/lib/thumb/v7e-m+fp/hard\libc_nano.a(lib_a-nano-vfprintf_i.o)
 .ARM.attributes
                0x000000000000049a       0x1c d:/st/stm32cubeide_1.9.0/stm32cubeide/plugins/com.st.stm32cube.ide.mcu.externaltools.gnu-tools-for-stm32.10.3-2021.10.win32_1.0.100.202210260954/tools/bin/../lib/gcc/arm-none-eabi/10.3.1/../../../../arm-none-eabi/lib/thumb/v7e-m+fp/hard\libc_nano.a(lib_a-memchr.o)
 .ARM.attributes
                0x00000000000004b6       0x34 d:/st/stm32cubeide_1.9.0/stm32cubeide/plugins/com.st.stm32cube.ide.mcu.externaltools.gnu-tools-for-stm32.10.3-2021.10.win32_1.0.100.202210260954/tools/bin/../lib/gcc/arm-none-eabi/10.3.1/../../../../arm-none-eabi/lib/thumb/v7e-m+fp/hard\libc_nano.a(lib_a-memmove.o)
 .ARM.attributes
                0x00000000000004ea       0x34 d:/st/stm32cubeide_1.9.0/stm32cubeide/plugins/com.st.stm32cube.ide.mcu.externaltools.gnu-tools-for-stm32.10.3-2021.10.win32_1.0.100.202210260954/tools/bin/../lib/gcc/arm-none-eabi/10.3.1/../../../../arm-none-eabi/lib/thumb/v7e-m+fp/hard\libc_nano.a(lib_a-nano-freer.o)
 .ARM.attributes
                0x000000000000051e       0x34 d:/st/stm32cubeide_1.9.0/stm32cubeide/plugins/com.st.stm32cube.ide.mcu.externaltools.gnu-tools-for-stm32.10.3-2021.10.win32_1.0.100.202210260954/tools/bin/../lib/gcc/arm-none-eabi/10.3.1/../../../../arm-none-eabi/lib/thumb/v7e-m+fp/hard\libc_nano.a(lib_a-nano-mallocr.o)
 .ARM.attributes
                0x0000000000000552       0x34 d:/st/stm32cubeide_1.9.0/stm32cubeide/plugins/com.st.stm32cube.ide.mcu.externaltools.gnu-tools-for-stm32.10.3-2021.10.win32_1.0.100.202210260954/tools/bin/../lib/gcc/arm-none-eabi/10.3.1/../../../../arm-none-eabi/lib/thumb/v7e-m+fp/hard\libc_nano.a(lib_a-nano-reallocr.o)
 .ARM.attributes
                0x0000000000000586       0x34 d:/st/stm32cubeide_1.9.0/stm32cubeide/plugins/com.st.stm32cube.ide.mcu.externaltools.gnu-tools-for-stm32.10.3-2021.10.win32_1.0.100.202210260954/tools/bin/../lib/gcc/arm-none-eabi/10.3.1/../../../../arm-none-eabi/lib/thumb/v7e-m+fp/hard\libc_nano.a(lib_a-sbrkr.o)
 .ARM.attributes
                0x00000000000005ba       0x34 d:/st/stm32cubeide_1.9.0/stm32cubeide/plugins/com.st.stm32cube.ide.mcu.externaltools.gnu-tools-for-stm32.10.3-2021.10.win32_1.0.100.202210260954/tools/bin/../lib/gcc/arm-none-eabi/10.3.1/../../../../arm-none-eabi/lib/thumb/v7e-m+fp/hard\libc_nano.a(lib_a-mlock.o)
 .ARM.attributes
                0x00000000000005ee       0x34 d:/st/stm32cubeide_1.9.0/stm32cubeide/plugins/com.st.stm32cube.ide.mcu.externaltools.gnu-tools-for-stm32.10.3-2021.10.win32_1.0.100.202210260954/tools/bin/../lib/gcc/arm-none-eabi/10.3.1/../../../../arm-none-eabi/lib/thumb/v7e-m+fp/hard\libc_nano.a(lib_a-nano-msizer.o)
 .ARM.attributes
                0x0000000000000622       0x34 d:/st/stm32cubeide_1.9.0/stm32cubeide/plugins/com.st.stm32cube.ide.mcu.externaltools.gnu-tools-for-stm32.10.3-2021.10.win32_1.0.100.202210260954/tools/bin/../lib/gcc/arm-none-eabi/10.3.1/../../../../arm-none-eabi/lib/thumb/v7e-m+fp/hard\libc_nano.a(lib_a-reent.o)
 .ARM.attributes
                0x0000000000000656       0x34 d:/st/stm32cubeide_1.9.0/stm32cubeide/plugins/com.st.stm32cube.ide.mcu.externaltools.gnu-tools-for-stm32.10.3-2021.10.win32_1.0.100.202210260954/tools/bin/../lib/gcc/arm-none-eabi/10.3.1/../../../../arm-none-eabi/lib/thumb/v7e-m+fp/hard\libc_nano.a(lib_a-lock.o)
 .ARM.attributes
                0x000000000000068a       0x1e d:/st/stm32cubeide_1.9.0/stm32cubeide/plugins/com.st.stm32cube.ide.mcu.externaltools.gnu-tools-for-stm32.10.3-2021.10.win32_1.0.100.202210260954/tools/bin/../lib/gcc/arm-none-eabi/10.3.1/thumb/v7e-m+fp/hard/crtn.o
OUTPUT(RTOS_UART.elf elf32-littlearm)
LOAD linker stubs
LOAD d:/st/stm32cubeide_1.9.0/stm32cubeide/plugins/com.st.stm32cube.ide.mcu.externaltools.gnu-tools-for-stm32.10.3-2021.10.win32_1.0.100.202210260954/tools/bin/../lib/gcc/arm-none-eabi/10.3.1/../../../../arm-none-eabi/lib/thumb/v7e-m+fp/hard\libc.a
LOAD d:/st/stm32cubeide_1.9.0/stm32cubeide/plugins/com.st.stm32cube.ide.mcu.externaltools.gnu-tools-for-stm32.10.3-2021.10.win32_1.0.100.202210260954/tools/bin/../lib/gcc/arm-none-eabi/10.3.1/../../../../arm-none-eabi/lib/thumb/v7e-m+fp/hard\libm.a
LOAD d:/st/stm32cubeide_1.9.0/stm32cubeide/plugins/com.st.stm32cube.ide.mcu.externaltools.gnu-tools-for-stm32.10.3-2021.10.win32_1.0.100.202210260954/tools/bin/../lib/gcc/arm-none-eabi/10.3.1/thumb/v7e-m+fp/hard\libgcc.a

.debug_info     0x0000000000000000     0xc39a
 .debug_info    0x0000000000000000      0x6c4 ./Console/Console.o
 .debug_info    0x00000000000006c4     0x3c16 ./FreeRTOS/Source/CMSIS_RTOS_V2/cmsis_os2.o
 .debug_info    0x00000000000042da      0x2d1 ./FreeRTOS/Source/list.o
 .debug_info    0x00000000000045ab     0x1cbf ./FreeRTOS/Source/queue.o
 .debug_info    0x000000000000626a     0x2362 ./FreeRTOS/Source/tasks.o
 .debug_info    0x00000000000085cc     0x1572 ./FreeRTOS/Source/timers.o
 .debug_info    0x0000000000009b3e      0x507 ./FreeRTOS/Source/portable/GCC/ARM_CM4F/port.o
 .debug_info    0x000000000000a045      0x50b ./FreeRTOS/Source/portable/MemMang/heap_4.o
 .debug_info    0x000000000000a550      0xa30 ./GPIO/GPIO.o
 .debug_info    0x000000000000af80      0xd6b ./Src/main.o
 .debug_info    0x000000000000bceb      0x171 ./Src/sysmem.o
 .debug_info    0x000000000000be5c      0x51c ./Src/system_stm32f4xx.o
 .debug_info    0x000000000000c378       0x22 ./Startup/startup_stm32f407vetx.o

.debug_abbrev   0x0000000000000000     0x1c7b
 .debug_abbrev  0x0000000000000000      0x1b6 ./Console/Console.o
 .debug_abbrev  0x00000000000001b6      0x4e6 ./FreeRTOS/Source/CMSIS_RTOS_V2/cmsis_os2.o
 .debug_abbrev  0x000000000000069c       0xf2 ./FreeRTOS/Source/list.o
 .debug_abbrev  0x000000000000078e      0x3a1 ./FreeRTOS/Source/queue.o
 .debug_abbrev  0x0000000000000b2f      0x37d ./FreeRTOS/Source/tasks.o
 .debug_abbrev  0x0000000000000eac      0x346 ./FreeRTOS/Source/timers.o
 .debug_abbrev  0x00000000000011f2      0x259 ./FreeRTOS/Source/portable/GCC/ARM_CM4F/port.o
 .debug_abbrev  0x000000000000144b      0x212 ./FreeRTOS/Source/portable/MemMang/heap_4.o
 .debug_abbrev  0x000000000000165d      0x1bf ./GPIO/GPIO.o
 .debug_abbrev  0x000000000000181c      0x27c ./Src/main.o
 .debug_abbrev  0x0000000000001a98       0xbb ./Src/sysmem.o
 .debug_abbrev  0x0000000000001b53      0x116 ./Src/system_stm32f4xx.o
 .debug_abbrev  0x0000000000001c69       0x12 ./Startup/startup_stm32f407vetx.o

.debug_aranges  0x0000000000000000      0x940
 .debug_aranges
                0x0000000000000000       0x38 ./Console/Console.o
 .debug_aranges
                0x0000000000000038      0x2a8 ./FreeRTOS/Source/CMSIS_RTOS_V2/cmsis_os2.o
 .debug_aranges
                0x00000000000002e0       0x40 ./FreeRTOS/Source/list.o
 .debug_aranges
                0x0000000000000320      0x158 ./FreeRTOS/Source/queue.o
 .debug_aranges
                0x0000000000000478      0x208 ./FreeRTOS/Source/tasks.o
 .debug_aranges
                0x0000000000000680       0xf0 ./FreeRTOS/Source/timers.o
 .debug_aranges
                0x0000000000000770       0x80 ./FreeRTOS/Source/portable/GCC/ARM_CM4F/port.o
 .debug_aranges
                0x00000000000007f0       0x58 ./FreeRTOS/Source/portable/MemMang/heap_4.o
 .debug_aranges
                0x0000000000000848       0x48 ./GPIO/GPIO.o
 .debug_aranges
                0x0000000000000890       0x40 ./Src/main.o
 .debug_aranges
                0x00000000000008d0       0x20 ./Src/sysmem.o
 .debug_aranges
                0x00000000000008f0       0x28 ./Src/system_stm32f4xx.o
 .debug_aranges
                0x0000000000000918       0x28 ./Startup/startup_stm32f407vetx.o

.debug_ranges   0x0000000000000000      0x878
 .debug_ranges  0x0000000000000000       0x28 ./Console/Console.o
 .debug_ranges  0x0000000000000028      0x298 ./FreeRTOS/Source/CMSIS_RTOS_V2/cmsis_os2.o
 .debug_ranges  0x00000000000002c0       0x30 ./FreeRTOS/Source/list.o
 .debug_ranges  0x00000000000002f0      0x148 ./FreeRTOS/Source/queue.o
 .debug_ranges  0x0000000000000438      0x1f8 ./FreeRTOS/Source/tasks.o
 .debug_ranges  0x0000000000000630       0xe0 ./FreeRTOS/Source/timers.o
 .debug_ranges  0x0000000000000710       0x70 ./FreeRTOS/Source/portable/GCC/ARM_CM4F/port.o
 .debug_ranges  0x0000000000000780       0x48 ./FreeRTOS/Source/portable/MemMang/heap_4.o
 .debug_ranges  0x00000000000007c8       0x38 ./GPIO/GPIO.o
 .debug_ranges  0x0000000000000800       0x30 ./Src/main.o
 .debug_ranges  0x0000000000000830       0x10 ./Src/sysmem.o
 .debug_ranges  0x0000000000000840       0x18 ./Src/system_stm32f4xx.o
 .debug_ranges  0x0000000000000858       0x20 ./Startup/startup_stm32f407vetx.o

.debug_macro    0x0000000000000000    0x1ca60
 .debug_macro   0x0000000000000000      0x2f5 ./Console/Console.o
 .debug_macro   0x00000000000002f5      0xa7e ./Console/Console.o
 .debug_macro   0x0000000000000d73       0x2f ./Console/Console.o
 .debug_macro   0x0000000000000da2       0x22 ./Console/Console.o
 .debug_macro   0x0000000000000dc4       0x8e ./Console/Console.o
 .debug_macro   0x0000000000000e52       0x51 ./Console/Console.o
 .debug_macro   0x0000000000000ea3      0x103 ./Console/Console.o
 .debug_macro   0x0000000000000fa6       0x6a ./Console/Console.o
 .debug_macro   0x0000000000001010      0x1df ./Console/Console.o
 .debug_macro   0x00000000000011ef       0x1c ./Console/Console.o
 .debug_macro   0x000000000000120b       0x22 ./Console/Console.o
 .debug_macro   0x000000000000122d       0xd9 ./Console/Console.o
 .debug_macro   0x0000000000001306     0x102d ./Console/Console.o
 .debug_macro   0x0000000000002333      0x11f ./Console/Console.o
 .debug_macro   0x0000000000002452    0x15e89 ./Console/Console.o
 .debug_macro   0x00000000000182db       0x97 ./Console/Console.o
 .debug_macro   0x0000000000018372       0x52 ./Console/Console.o
 .debug_macro   0x00000000000183c4       0x1e ./Console/Console.o
 .debug_macro   0x00000000000183e2       0x3c ./Console/Console.o
 .debug_macro   0x000000000001841e       0x34 ./Console/Console.o
 .debug_macro   0x0000000000018452       0x16 ./Console/Console.o
 .debug_macro   0x0000000000018468       0x97 ./Console/Console.o
 .debug_macro   0x00000000000184ff      0x341 ./Console/Console.o
 .debug_macro   0x0000000000018840       0xfd ./Console/Console.o
 .debug_macro   0x000000000001893d       0x10 ./Console/Console.o
 .debug_macro   0x000000000001894d       0x16 ./Console/Console.o
 .debug_macro   0x0000000000018963       0x43 ./Console/Console.o
 .debug_macro   0x00000000000189a6       0x34 ./Console/Console.o
 .debug_macro   0x00000000000189da       0x10 ./Console/Console.o
 .debug_macro   0x00000000000189ea       0x58 ./Console/Console.o
 .debug_macro   0x0000000000018a42       0x71 ./Console/Console.o
 .debug_macro   0x0000000000018ab3       0x1c ./Console/Console.o
 .debug_macro   0x0000000000018acf      0x12a ./Console/Console.o
 .debug_macro   0x0000000000018bf9       0x10 ./Console/Console.o
 .debug_macro   0x0000000000018c09       0x1c ./Console/Console.o
 .debug_macro   0x0000000000018c25       0x52 ./Console/Console.o
 .debug_macro   0x0000000000018c77       0x22 ./Console/Console.o
 .debug_macro   0x0000000000018c99       0x10 ./Console/Console.o
 .debug_macro   0x0000000000018ca9       0x52 ./Console/Console.o
 .debug_macro   0x0000000000018cfb       0xd5 ./Console/Console.o
 .debug_macro   0x0000000000018dd0       0x1c ./Console/Console.o
 .debug_macro   0x0000000000018dec       0x3d ./Console/Console.o
 .debug_macro   0x0000000000018e29       0x16 ./Console/Console.o
 .debug_macro   0x0000000000018e3f      0x145 ./Console/Console.o
 .debug_macro   0x0000000000018f84      0x19b ./Console/Console.o
 .debug_macro   0x000000000001911f       0x10 ./Console/Console.o
 .debug_macro   0x000000000001912f       0x35 ./Console/Console.o
 .debug_macro   0x0000000000019164      0x460 ./Console/Console.o
 .debug_macro   0x00000000000195c4       0x16 ./Console/Console.o
 .debug_macro   0x00000000000195da       0x20 ./Console/Console.o
 .debug_macro   0x00000000000195fa       0x16 ./Console/Console.o
 .debug_macro   0x0000000000019610       0x16 ./Console/Console.o
 .debug_macro   0x0000000000019626       0x29 ./Console/Console.o
 .debug_macro   0x000000000001964f       0x4c ./Console/Console.o
 .debug_macro   0x000000000001969b       0x22 ./Console/Console.o
 .debug_macro   0x00000000000196bd      0x366 ./Console/Console.o
 .debug_macro   0x0000000000019a23      0x2ca ./FreeRTOS/Source/CMSIS_RTOS_V2/cmsis_os2.o
 .debug_macro   0x0000000000019ced       0x4c ./FreeRTOS/Source/CMSIS_RTOS_V2/cmsis_os2.o
 .debug_macro   0x0000000000019d39       0x94 ./FreeRTOS/Source/CMSIS_RTOS_V2/cmsis_os2.o
 .debug_macro   0x0000000000019dcd      0x174 ./FreeRTOS/Source/CMSIS_RTOS_V2/cmsis_os2.o
 .debug_macro   0x0000000000019f41       0x57 ./FreeRTOS/Source/CMSIS_RTOS_V2/cmsis_os2.o
 .debug_macro   0x0000000000019f98       0x10 ./FreeRTOS/Source/CMSIS_RTOS_V2/cmsis_os2.o
 .debug_macro   0x0000000000019fa8       0x10 ./FreeRTOS/Source/CMSIS_RTOS_V2/cmsis_os2.o
 .debug_macro   0x0000000000019fb8       0x74 ./FreeRTOS/Source/CMSIS_RTOS_V2/cmsis_os2.o
 .debug_macro   0x000000000001a02c       0xd3 ./FreeRTOS/Source/CMSIS_RTOS_V2/cmsis_os2.o
 .debug_macro   0x000000000001a0ff      0x169 ./FreeRTOS/Source/CMSIS_RTOS_V2/cmsis_os2.o
 .debug_macro   0x000000000001a268      0x15a ./FreeRTOS/Source/CMSIS_RTOS_V2/cmsis_os2.o
 .debug_macro   0x000000000001a3c2       0xc9 ./FreeRTOS/Source/CMSIS_RTOS_V2/cmsis_os2.o
 .debug_macro   0x000000000001a48b       0x1c ./FreeRTOS/Source/CMSIS_RTOS_V2/cmsis_os2.o
 .debug_macro   0x000000000001a4a7       0x26 ./FreeRTOS/Source/CMSIS_RTOS_V2/cmsis_os2.o
 .debug_macro   0x000000000001a4cd      0x4c5 ./FreeRTOS/Source/CMSIS_RTOS_V2/cmsis_os2.o
 .debug_macro   0x000000000001a992       0xb5 ./FreeRTOS/Source/CMSIS_RTOS_V2/cmsis_os2.o
 .debug_macro   0x000000000001aa47       0xaa ./FreeRTOS/Source/CMSIS_RTOS_V2/cmsis_os2.o
 .debug_macro   0x000000000001aaf1       0x91 ./FreeRTOS/Source/CMSIS_RTOS_V2/cmsis_os2.o
 .debug_macro   0x000000000001ab82       0x8d ./FreeRTOS/Source/CMSIS_RTOS_V2/cmsis_os2.o
 .debug_macro   0x000000000001ac0f       0x9a ./FreeRTOS/Source/CMSIS_RTOS_V2/cmsis_os2.o
 .debug_macro   0x000000000001aca9       0x22 ./FreeRTOS/Source/CMSIS_RTOS_V2/cmsis_os2.o
 .debug_macro   0x000000000001accb       0x2e ./FreeRTOS/Source/CMSIS_RTOS_V2/cmsis_os2.o
 .debug_macro   0x000000000001acf9       0x6d ./FreeRTOS/Source/CMSIS_RTOS_V2/cmsis_os2.o
 .debug_macro   0x000000000001ad66      0x187 ./FreeRTOS/Source/list.o
 .debug_macro   0x000000000001aeed      0x216 ./FreeRTOS/Source/queue.o
 .debug_macro   0x000000000001b103       0x87 ./FreeRTOS/Source/queue.o
 .debug_macro   0x000000000001b18a      0x27f ./FreeRTOS/Source/tasks.o
 .debug_macro   0x000000000001b409       0x10 ./FreeRTOS/Source/tasks.o
 .debug_macro   0x000000000001b419      0x1dc ./FreeRTOS/Source/timers.o
 .debug_macro   0x000000000001b5f5       0x97 ./FreeRTOS/Source/timers.o
 .debug_macro   0x000000000001b68c      0x196 ./FreeRTOS/Source/portable/GCC/ARM_CM4F/port.o
 .debug_macro   0x000000000001b822      0x1ae ./FreeRTOS/Source/portable/MemMang/heap_4.o
 .debug_macro   0x000000000001b9d0      0x2eb ./GPIO/GPIO.o
 .debug_macro   0x000000000001bcbb      0x360 ./GPIO/GPIO.o
 .debug_macro   0x000000000001c01b      0x385 ./Src/main.o
 .debug_macro   0x000000000001c3a0      0x169 ./Src/main.o
 .debug_macro   0x000000000001c509       0x66 ./Src/main.o
 .debug_macro   0x000000000001c56f       0xdd ./Src/main.o
 .debug_macro   0x000000000001c64c       0xff ./Src/sysmem.o
 .debug_macro   0x000000000001c74b      0x23b ./Src/sysmem.o
 .debug_macro   0x000000000001c986       0xda ./Src/system_stm32f4xx.o

.debug_line     0x0000000000000000     0x9fa5
 .debug_line    0x0000000000000000      0x88f ./Console/Console.o
 .debug_line    0x000000000000088f     0x210e ./FreeRTOS/Source/CMSIS_RTOS_V2/cmsis_os2.o
 .debug_line    0x000000000000299d      0x6f6 ./FreeRTOS/Source/list.o
 .debug_line    0x0000000000003093     0x16c0 ./FreeRTOS/Source/queue.o
 .debug_line    0x0000000000004753     0x1d75 ./FreeRTOS/Source/tasks.o
 .debug_line    0x00000000000064c8      0xd56 ./FreeRTOS/Source/timers.o
 .debug_line    0x000000000000721e      0x7dd ./FreeRTOS/Source/portable/GCC/ARM_CM4F/port.o
 .debug_line    0x00000000000079fb      0x920 ./FreeRTOS/Source/portable/MemMang/heap_4.o
 .debug_line    0x000000000000831b      0x8bd ./GPIO/GPIO.o
 .debug_line    0x0000000000008bd8      0x9b8 ./Src/main.o
 .debug_line    0x0000000000009590      0x4ea ./Src/sysmem.o
 .debug_line    0x0000000000009a7a      0x4a7 ./Src/system_stm32f4xx.o
 .debug_line    0x0000000000009f21       0x84 ./Startup/startup_stm32f407vetx.o

.debug_str      0x0000000000000000    0x9963c
 .debug_str     0x0000000000000000    0x8e305 ./Console/Console.o
                                      0x8e596 (size before relaxing)
 .debug_str     0x000000000008e305     0x79e9 ./FreeRTOS/Source/CMSIS_RTOS_V2/cmsis_os2.o
                                      0x92dab (size before relaxing)
 .debug_str     0x0000000000095cee      0x115 ./FreeRTOS/Source/list.o
                                       0xa642 (size before relaxing)
 .debug_str     0x0000000000095e03      0x87a ./FreeRTOS/Source/queue.o
                                       0xc182 (size before relaxing)
 .debug_str     0x000000000009667d     0x1052 ./FreeRTOS/Source/tasks.o
                                       0xcc3f (size before relaxing)
 .debug_str     0x00000000000976cf      0x597 ./FreeRTOS/Source/timers.o
                                       0xc6b4 (size before relaxing)
 .debug_str     0x0000000000097c66      0x77f ./FreeRTOS/Source/portable/GCC/ARM_CM4F/port.o
                                       0x85b3 (size before relaxing)
 .debug_str     0x00000000000983e5      0x30c ./FreeRTOS/Source/portable/MemMang/heap_4.o
                                       0xaf84 (size before relaxing)
 .debug_str     0x00000000000986f1       0x85 ./GPIO/GPIO.o
                                      0x8ea7d (size before relaxing)
 .debug_str     0x0000000000098776      0xaa6 ./Src/main.o
                                      0x9396d (size before relaxing)
 .debug_str     0x000000000009921c      0x355 ./Src/sysmem.o
                                       0x5d9f (size before relaxing)
 .debug_str     0x0000000000099571       0x9a ./Src/system_stm32f4xx.o
                                      0x881e0 (size before relaxing)
 .debug_str     0x000000000009960b       0x31 ./Startup/startup_stm32f407vetx.o
                                         0x5e (size before relaxing)

.comment        0x0000000000000000       0x50
 .comment       0x0000000000000000       0x50 ./Console/Console.o
                                         0x51 (size before relaxing)
 .comment       0x0000000000000050       0x51 ./FreeRTOS/Source/CMSIS_RTOS_V2/cmsis_os2.o
 .comment       0x0000000000000050       0x51 ./FreeRTOS/Source/list.o
 .comment       0x0000000000000050       0x51 ./FreeRTOS/Source/queue.o
 .comment       0x0000000000000050       0x51 ./FreeRTOS/Source/tasks.o
 .comment       0x0000000000000050       0x51 ./FreeRTOS/Source/timers.o
 .comment       0x0000000000000050       0x51 ./FreeRTOS/Source/portable/GCC/ARM_CM4F/port.o
 .comment       0x0000000000000050       0x51 ./FreeRTOS/Source/portable/MemMang/heap_4.o
 .comment       0x0000000000000050       0x51 ./GPIO/GPIO.o
 .comment       0x0000000000000050       0x51 ./Src/main.o
 .comment       0x0000000000000050       0x51 ./Src/sysmem.o
 .comment       0x0000000000000050       0x51 ./Src/system_stm32f4xx.o

.debug_frame    0x0000000000000000     0x298c
 .debug_frame   0x0000000000000000       0xc8 ./Console/Console.o
 .debug_frame   0x00000000000000c8      0xbc8 ./FreeRTOS/Source/CMSIS_RTOS_V2/cmsis_os2.o
 .debug_frame   0x0000000000000c90       0xd8 ./FreeRTOS/Source/list.o
 .debug_frame   0x0000000000000d68      0x5ec ./FreeRTOS/Source/queue.o
 .debug_frame   0x0000000000001354      0x8f0 ./FreeRTOS/Source/tasks.o
 .debug_frame   0x0000000000001c44      0x400 ./FreeRTOS/Source/timers.o
 .debug_frame   0x0000000000002044      0x1a8 ./FreeRTOS/Source/portable/GCC/ARM_CM4F/port.o
 .debug_frame   0x00000000000021ec      0x12c ./FreeRTOS/Source/portable/MemMang/heap_4.o
 .debug_frame   0x0000000000002318       0xfc ./GPIO/GPIO.o
 .debug_frame   0x0000000000002414       0xbc ./Src/main.o
 .debug_frame   0x00000000000024d0       0x34 ./Src/sysmem.o
 .debug_frame   0x0000000000002504       0x58 ./Src/system_stm32f4xx.o
 .debug_frame   0x000000000000255c       0x20 d:/st/stm32cubeide_1.9.0/stm32cubeide/plugins/com.st.stm32cube.ide.mcu.externaltools.gnu-tools-for-stm32.10.3-2021.10.win32_1.0.100.202210260954/tools/bin/../lib/gcc/arm-none-eabi/10.3.1/../../../../arm-none-eabi/lib/thumb/v7e-m+fp/hard\libc_nano.a(lib_a-errno.o)
 .debug_frame   0x000000000000257c       0x2c d:/st/stm32cubeide_1.9.0/stm32cubeide/plugins/com.st.stm32cube.ide.mcu.externaltools.gnu-tools-for-stm32.10.3-2021.10.win32_1.0.100.202210260954/tools/bin/../lib/gcc/arm-none-eabi/10.3.1/../../../../arm-none-eabi/lib/thumb/v7e-m+fp/hard\libc_nano.a(lib_a-init.o)
 .debug_frame   0x00000000000025a8       0x28 d:/st/stm32cubeide_1.9.0/stm32cubeide/plugins/com.st.stm32cube.ide.mcu.externaltools.gnu-tools-for-stm32.10.3-2021.10.win32_1.0.100.202210260954/tools/bin/../lib/gcc/arm-none-eabi/10.3.1/../../../../arm-none-eabi/lib/thumb/v7e-m+fp/hard\libc_nano.a(lib_a-memcpy-stub.o)
 .debug_frame   0x00000000000025d0       0x20 d:/st/stm32cubeide_1.9.0/stm32cubeide/plugins/com.st.stm32cube.ide.mcu.externaltools.gnu-tools-for-stm32.10.3-2021.10.win32_1.0.100.202210260954/tools/bin/../lib/gcc/arm-none-eabi/10.3.1/../../../../arm-none-eabi/lib/thumb/v7e-m+fp/hard\libc_nano.a(lib_a-memset.o)
 .debug_frame   0x00000000000025f0       0x3c d:/st/stm32cubeide_1.9.0/stm32cubeide/plugins/com.st.stm32cube.ide.mcu.externaltools.gnu-tools-for-stm32.10.3-2021.10.win32_1.0.100.202210260954/tools/bin/../lib/gcc/arm-none-eabi/10.3.1/../../../../arm-none-eabi/lib/thumb/v7e-m+fp/hard\libc_nano.a(lib_a-vsprintf.o)
 .debug_frame   0x000000000000262c       0x90 d:/st/stm32cubeide_1.9.0/stm32cubeide/plugins/com.st.stm32cube.ide.mcu.externaltools.gnu-tools-for-stm32.10.3-2021.10.win32_1.0.100.202210260954/tools/bin/../lib/gcc/arm-none-eabi/10.3.1/../../../../arm-none-eabi/lib/thumb/v7e-m+fp/hard\libc_nano.a(lib_a-nano-svfprintf.o)
 .debug_frame   0x00000000000026bc       0x60 d:/st/stm32cubeide_1.9.0/stm32cubeide/plugins/com.st.stm32cube.ide.mcu.externaltools.gnu-tools-for-stm32.10.3-2021.10.win32_1.0.100.202210260954/tools/bin/../lib/gcc/arm-none-eabi/10.3.1/../../../../arm-none-eabi/lib/thumb/v7e-m+fp/hard\libc_nano.a(lib_a-nano-vfprintf_i.o)
 .debug_frame   0x000000000000271c       0x28 d:/st/stm32cubeide_1.9.0/stm32cubeide/plugins/com.st.stm32cube.ide.mcu.externaltools.gnu-tools-for-stm32.10.3-2021.10.win32_1.0.100.202210260954/tools/bin/../lib/gcc/arm-none-eabi/10.3.1/../../../../arm-none-eabi/lib/thumb/v7e-m+fp/hard\libc_nano.a(lib_a-memmove.o)
 .debug_frame   0x0000000000002744       0x38 d:/st/stm32cubeide_1.9.0/stm32cubeide/plugins/com.st.stm32cube.ide.mcu.externaltools.gnu-tools-for-stm32.10.3-2021.10.win32_1.0.100.202210260954/tools/bin/../lib/gcc/arm-none-eabi/10.3.1/../../../../arm-none-eabi/lib/thumb/v7e-m+fp/hard\libc_nano.a(lib_a-nano-freer.o)
 .debug_frame   0x000000000000277c       0x4c d:/st/stm32cubeide_1.9.0/stm32cubeide/plugins/com.st.stm32cube.ide.mcu.externaltools.gnu-tools-for-stm32.10.3-2021.10.win32_1.0.100.202210260954/tools/bin/../lib/gcc/arm-none-eabi/10.3.1/../../../../arm-none-eabi/lib/thumb/v7e-m+fp/hard\libc_nano.a(lib_a-nano-mallocr.o)
 .debug_frame   0x00000000000027c8       0x3c d:/st/stm32cubeide_1.9.0/stm32cubeide/plugins/com.st.stm32cube.ide.mcu.externaltools.gnu-tools-for-stm32.10.3-2021.10.win32_1.0.100.202210260954/tools/bin/../lib/gcc/arm-none-eabi/10.3.1/../../../../arm-none-eabi/lib/thumb/v7e-m+fp/hard\libc_nano.a(lib_a-nano-reallocr.o)
 .debug_frame   0x0000000000002804       0x2c d:/st/stm32cubeide_1.9.0/stm32cubeide/plugins/com.st.stm32cube.ide.mcu.externaltools.gnu-tools-for-stm32.10.3-2021.10.win32_1.0.100.202210260954/tools/bin/../lib/gcc/arm-none-eabi/10.3.1/../../../../arm-none-eabi/lib/thumb/v7e-m+fp/hard\libc_nano.a(lib_a-sbrkr.o)
 .debug_frame   0x0000000000002830       0x30 d:/st/stm32cubeide_1.9.0/stm32cubeide/plugins/com.st.stm32cube.ide.mcu.externaltools.gnu-tools-for-stm32.10.3-2021.10.win32_1.0.100.202210260954/tools/bin/../lib/gcc/arm-none-eabi/10.3.1/../../../../arm-none-eabi/lib/thumb/v7e-m+fp/hard\libc_nano.a(lib_a-mlock.o)
 .debug_frame   0x0000000000002860       0x20 d:/st/stm32cubeide_1.9.0/stm32cubeide/plugins/com.st.stm32cube.ide.mcu.externaltools.gnu-tools-for-stm32.10.3-2021.10.win32_1.0.100.202210260954/tools/bin/../lib/gcc/arm-none-eabi/10.3.1/../../../../arm-none-eabi/lib/thumb/v7e-m+fp/hard\libc_nano.a(lib_a-nano-msizer.o)
 .debug_frame   0x0000000000002880       0x5c d:/st/stm32cubeide_1.9.0/stm32cubeide/plugins/com.st.stm32cube.ide.mcu.externaltools.gnu-tools-for-stm32.10.3-2021.10.win32_1.0.100.202210260954/tools/bin/../lib/gcc/arm-none-eabi/10.3.1/../../../../arm-none-eabi/lib/thumb/v7e-m+fp/hard\libc_nano.a(lib_a-reent.o)
 .debug_frame   0x00000000000028dc       0xb0 d:/st/stm32cubeide_1.9.0/stm32cubeide/plugins/com.st.stm32cube.ide.mcu.externaltools.gnu-tools-for-stm32.10.3-2021.10.win32_1.0.100.202210260954/tools/bin/../lib/gcc/arm-none-eabi/10.3.1/../../../../arm-none-eabi/lib/thumb/v7e-m+fp/hard\libc_nano.a(lib_a-lock.o)
